Removed Pin From Net: NetName=VIN Pin=RN?-8
Removed Pin From Net: NetName=+3V3 Pin=U?-2
Removed Pin From Net: NetName=SCK Pin=U?-5
Added Member To Class: ClassName=Sheet1 Member=Component C? 100n
Added Member To Class: ClassName=Sheet1 Member=Component C? 100n
Added Member To Class: ClassName=Sheet1 Member=Component C? 100n
Added Member To Class: ClassName=Sheet1 Member=Component C? 100n
Added Member To Class: ClassName=Sheet1 Member=Component C? 100n
Added Member To Class: ClassName=Sheet1 Member=Component C? 100n
Added Member To Class: ClassName=Sheet1 Member=Component C? 1u
Added Member To Class: ClassName=Sheet1 Member=Component C? 1u
Added Member To Class: ClassName=Sheet1 Member=Component C? 22p
Added Member To Class: ClassName=Sheet1 Member=Component C? 22p
Added Member To Class: ClassName=Sheet1 Member=Component D? CD1206-S01575
Added Member To Class: ClassName=Sheet1 Member=Component D? M7
Added Member To Class: ClassName=Sheet1 Member=Component FD? FIDUCIALMOUNT
Added Member To Class: ClassName=Sheet1 Member=Component FD? FIDUCIALMOUNT
Added Member To Class: ClassName=Sheet1 Member=Component ICSP? 3x2 M
Added Member To Class: ClassName=Sheet1 Member=Component L? BLM21
Added Member To Class: ClassName=Sheet1 Member=Component L? YELLOW
Added Member To Class: ClassName=Sheet1 Member=Component PC? 47u
Added Member To Class: ClassName=Sheet1 Member=Component R? 1M
Added Member To Class: ClassName=Sheet1 Member=Component RN? 22R
Added Member To Class: ClassName=Sheet1 Member=Component RN? 22R
Added Member To Class: ClassName=Sheet1 Member=Component RN? 22R
Added Member To Class: ClassName=Sheet1 Member=Component RN? 22R
Added Member To Class: ClassName=Sheet1 Member=Component RN? 1K
Added Member To Class: ClassName=Sheet1 Member=Component RN? 1K
Added Member To Class: ClassName=Sheet1 Member=Component RN? 1K
Added Member To Class: ClassName=Sheet1 Member=Component RN? 10K
Added Member To Class: ClassName=Sheet1 Member=Component RN? 1K
Added Member To Class: ClassName=Sheet1 Member=Component RN? 1K
Added Member To Class: ClassName=Sheet1 Member=Component RN? 1K
Added Member To Class: ClassName=Sheet1 Member=Component RN? 10K
Added Member To Class: ClassName=Sheet1 Member=Component RN? 10K
Added Member To Class: ClassName=Sheet1 Member=Component RN? 10K
Added Member To Class: ClassName=Sheet1 Member=Component RN? 1K
Added Member To Class: ClassName=Sheet1 Member=Component TP_? TP_SP
Added Member To Class: ClassName=Sheet1 Member=Component TP_? TP_SP
Added Member To Class: ClassName=Sheet1 Member=Component TP_? TP_SP
Added Member To Class: ClassName=Sheet1 Member=Component TP_? TP_SP
Added Member To Class: ClassName=Sheet1 Member=Component TP_? TP_SP
Added Member To Class: ClassName=Sheet1 Member=Component TP_? TP_SP
Added Member To Class: ClassName=Sheet1 Member=Component TP_? TP_SP
Added Member To Class: ClassName=Sheet1 Member=Component TP_? TP_SP
Added Member To Class: ClassName=Sheet1 Member=Component TP_? TP_SP
Added Member To Class: ClassName=Sheet1 Member=Component TP_? TP_SP
Added Member To Class: ClassName=Sheet1 Member=Component TP_? TP_SP
Added Member To Class: ClassName=Sheet1 Member=Component TP_? TP_SP
Added Member To Class: ClassName=Sheet1 Member=Component TP_? TP_SP
Added Member To Class: ClassName=Sheet1 Member=Component TP_? TP_SP
Added Member To Class: ClassName=Sheet1 Member=Component TP_? TP_SP
Added Member To Class: ClassName=Sheet1 Member=Component TP_? TP_SP
Added Member To Class: ClassName=Sheet1 Member=Component TP_A? TP_SP
Added Member To Class: ClassName=Sheet1 Member=Component TP_A? TP_SP
Added Member To Class: ClassName=Sheet1 Member=Component TP_A? TP_SP
Added Member To Class: ClassName=Sheet1 Member=Component TP_A? TP_SP
Added Member To Class: ClassName=Sheet1 Member=Component TP_A? TP_SP
Added Member To Class: ClassName=Sheet1 Member=Component TP_PB? TP_SP
Added Member To Class: ClassName=Sheet1 Member=Component TP_PB? TP_SP
Added Member To Class: ClassName=Sheet1 Member=Component TP_PB? TP_SP
Added Member To Class: ClassName=Sheet1 Member=Component TP_RESET? TP_SP
Added Member To Class: ClassName=Sheet1 Member=Component TP_XT? TP_SP
Added Member To Class: ClassName=Sheet1 Member=Component TP_XT? TP_SP
Added Member To Class: ClassName=Sheet1 Member=Component TP_XT? TP_SP
Added Member To Class: ClassName=Sheet1 Member=Component U? ATMEGA16U2-MU(R)
Added Member To Class: ClassName=Sheet1 Member=Component U? LMV358IDGKR
Added Member To Class: ClassName=Sheet1 Member=Component U? LMV358IDGKR
Added Member To Class: ClassName=Sheet1 Member=Component U? LP2985-33DBVR
Added Member To Class: ClassName=Sheet1 Member=Component U? NCP1117ST50T3G
Added Member To Class: ClassName=Sheet1 Member=Component X? POWERSUPPLY_DC21MMX
Added Member To Class: ClassName=Sheet1 Member=Component Y? CSTCE16M0V53-R0 16MHZ
Added Member To Class: ClassName=Sheet1 Member=Component Z? CG0603MLC-05E
