Added Component: Designator=AD?(1X06)
Add component (AddParameter): Name = "DeviceName"; Value = ""; VariantName = "[No Variations]"
Add component (AddParameter): Name = "DeviceSetName"; Value = "PINHD-1X6"; VariantName = "[No Variations]"
Add component (AddParameter): Name = "GateName_1"; Value = "A"; VariantName = "[No Variations]"
Add component (AddParameter): Name = "LibraryName"; Value = "SmartPrj"; VariantName = "[No Variations]"
Add component (AddParameter): Name = "SymbolName_1"; Value = "PINHD6"; VariantName = "[No Variations]"
Added Component: Designator=C?(C0603-ROUND)
Add component (AddParameter): Name = "DeviceName"; Value = "0603-RND"; VariantName = "[No Variations]"
Add component (AddParameter): Name = "DeviceSetName"; Value = "C-EU"; VariantName = "[No Variations]"
Add component (AddParameter): Name = "GateName_1"; Value = "G$1"; VariantName = "[No Variations]"
Add component (AddParameter): Name = "LibraryName"; Value = "SmartPrj"; VariantName = "[No Variations]"
Add component (AddParameter): Name = "SymbolName_1"; Value = "C-EU"; VariantName = "[No Variations]"
Added Component: Designator=C?(C0603-ROUND)
Add component (AddParameter): Name = "DeviceName"; Value = "0603-RND"; VariantName = "[No Variations]"
Add component (AddParameter): Name = "DeviceSetName"; Value = "C-EU"; VariantName = "[No Variations]"
Add component (AddParameter): Name = "GateName_1"; Value = "G$1"; VariantName = "[No Variations]"
Add component (AddParameter): Name = "LibraryName"; Value = "SmartPrj"; VariantName = "[No Variations]"
Add component (AddParameter): Name = "SymbolName_1"; Value = "C-EU"; VariantName = "[No Variations]"
Added Component: Designator=C?(C0603-ROUND)
Add component (AddParameter): Name = "DeviceName"; Value = "0603-RND"; VariantName = "[No Variations]"
Add component (AddParameter): Name = "DeviceSetName"; Value = "C-EU"; VariantName = "[No Variations]"
Add component (AddParameter): Name = "GateName_1"; Value = "G$1"; VariantName = "[No Variations]"
Add component (AddParameter): Name = "LibraryName"; Value = "SmartPrj"; VariantName = "[No Variations]"
Add component (AddParameter): Name = "SymbolName_1"; Value = "C-EU"; VariantName = "[No Variations]"
Added Component: Designator=C?(C0603-ROUND)
Add component (AddParameter): Name = "DeviceName"; Value = "0603-RND"; VariantName = "[No Variations]"
Add component (AddParameter): Name = "DeviceSetName"; Value = "C-EU"; VariantName = "[No Variations]"
Add component (AddParameter): Name = "GateName_1"; Value = "G$1"; VariantName = "[No Variations]"
Add component (AddParameter): Name = "LibraryName"; Value = "SmartPrj"; VariantName = "[No Variations]"
Add component (AddParameter): Name = "SymbolName_1"; Value = "C-EU"; VariantName = "[No Variations]"
Added Component: Designator=C?(C0603-ROUND)
Add component (AddParameter): Name = "DeviceName"; Value = "0603-RND"; VariantName = "[No Variations]"
Add component (AddParameter): Name = "DeviceSetName"; Value = "C-EU"; VariantName = "[No Variations]"
Add component (AddParameter): Name = "GateName_1"; Value = "G$1"; VariantName = "[No Variations]"
Add component (AddParameter): Name = "LibraryName"; Value = "SmartPrj"; VariantName = "[No Variations]"
Add component (AddParameter): Name = "SymbolName_1"; Value = "C-EU"; VariantName = "[No Variations]"
Added Component: Designator=C?(C0603-ROUND)
Add component (AddParameter): Name = "DeviceName"; Value = "0603-RND"; VariantName = "[No Variations]"
Add component (AddParameter): Name = "DeviceSetName"; Value = "C-EU"; VariantName = "[No Variations]"
Add component (AddParameter): Name = "GateName_1"; Value = "G$1"; VariantName = "[No Variations]"
Add component (AddParameter): Name = "LibraryName"; Value = "SmartPrj"; VariantName = "[No Variations]"
Add component (AddParameter): Name = "SymbolName_1"; Value = "C-EU"; VariantName = "[No Variations]"
Added Component: Designator=C?(C0603-ROUND)
Add component (AddParameter): Name = "DeviceName"; Value = "0603-RND"; VariantName = "[No Variations]"
Add component (AddParameter): Name = "DeviceSetName"; Value = "C-EU"; VariantName = "[No Variations]"
Add component (AddParameter): Name = "GateName_1"; Value = "G$1"; VariantName = "[No Variations]"
Add component (AddParameter): Name = "LibraryName"; Value = "SmartPrj"; VariantName = "[No Variations]"
Add component (AddParameter): Name = "SymbolName_1"; Value = "C-EU"; VariantName = "[No Variations]"
Added Component: Designator=C?(C0603-ROUND)
Add component (AddParameter): Name = "DeviceName"; Value = "0603-RND"; VariantName = "[No Variations]"
Add component (AddParameter): Name = "DeviceSetName"; Value = "C-EU"; VariantName = "[No Variations]"
Add component (AddParameter): Name = "GateName_1"; Value = "G$1"; VariantName = "[No Variations]"
Add component (AddParameter): Name = "LibraryName"; Value = "SmartPrj"; VariantName = "[No Variations]"
Add component (AddParameter): Name = "SymbolName_1"; Value = "C-EU"; VariantName = "[No Variations]"
Added Component: Designator=C?(C0603-ROUND)
Add component (AddParameter): Name = "DeviceName"; Value = "0603-RND"; VariantName = "[No Variations]"
Add component (AddParameter): Name = "DeviceSetName"; Value = "C-EU"; VariantName = "[No Variations]"
Add component (AddParameter): Name = "GateName_1"; Value = "G$1"; VariantName = "[No Variations]"
Add component (AddParameter): Name = "LibraryName"; Value = "SmartPrj"; VariantName = "[No Variations]"
Add component (AddParameter): Name = "SymbolName_1"; Value = "C-EU"; VariantName = "[No Variations]"
Added Component: Designator=C?(C0603-ROUND)
Add component (AddParameter): Name = "DeviceName"; Value = "0603-RND"; VariantName = "[No Variations]"
Add component (AddParameter): Name = "DeviceSetName"; Value = "C-EU"; VariantName = "[No Variations]"
Add component (AddParameter): Name = "GateName_1"; Value = "G$1"; VariantName = "[No Variations]"
Add component (AddParameter): Name = "LibraryName"; Value = "SmartPrj"; VariantName = "[No Variations]"
Add component (AddParameter): Name = "SymbolName_1"; Value = "C-EU"; VariantName = "[No Variations]"
Added Component: Designator=C?(C0603-ROUND)
Add component (AddParameter): Name = "DeviceName"; Value = "0603-RND"; VariantName = "[No Variations]"
Add component (AddParameter): Name = "DeviceSetName"; Value = "C-EU"; VariantName = "[No Variations]"
Add component (AddParameter): Name = "GateName_1"; Value = "G$1"; VariantName = "[No Variations]"
Add component (AddParameter): Name = "LibraryName"; Value = "SmartPrj"; VariantName = "[No Variations]"
Add component (AddParameter): Name = "SymbolName_1"; Value = "C-EU"; VariantName = "[No Variations]"
Added Component: Designator=D?(MINIMELF)
Add component (AddParameter): Name = "DeviceName"; Value = "MINIMELF"; VariantName = "[No Variations]"
Add component (AddParameter): Name = "DeviceSetName"; Value = "DIODE-"; VariantName = "[No Variations]"
Add component (AddParameter): Name = "GateName_1"; Value = "G$1"; VariantName = "[No Variations]"
Add component (AddParameter): Name = "LibraryName"; Value = "diode"; VariantName = "[No Variations]"
Add component (AddParameter): Name = "SymbolName_1"; Value = "D"; VariantName = "[No Variations]"
Added Component: Designator=D?(SMB)
Add component (AddParameter): Name = "DeviceName"; Value = "SMB"; VariantName = "[No Variations]"
Add component (AddParameter): Name = "DeviceSetName"; Value = "DIODE-"; VariantName = "[No Variations]"
Add component (AddParameter): Name = "GateName_1"; Value = "G$1"; VariantName = "[No Variations]"
Add component (AddParameter): Name = "LibraryName"; Value = "diode"; VariantName = "[No Variations]"
Add component (AddParameter): Name = "SymbolName_1"; Value = "D"; VariantName = "[No Variations]"
Added Component: Designator=D?(MINIMELF)
Add component (AddParameter): Name = "DeviceName"; Value = "MINIMELF"; VariantName = "[No Variations]"
Add component (AddParameter): Name = "DeviceSetName"; Value = "DIODE-"; VariantName = "[No Variations]"
Add component (AddParameter): Name = "GateName_1"; Value = "G$1"; VariantName = "[No Variations]"
Add component (AddParameter): Name = "LibraryName"; Value = "diode"; VariantName = "[No Variations]"
Add component (AddParameter): Name = "SymbolName_1"; Value = "D"; VariantName = "[No Variations]"
Added Component: Designator=F?(L1812)
Add component (AddParameter): Name = "DeviceName"; Value = "L1812"; VariantName = "[No Variations]"
Add component (AddParameter): Name = "DeviceSetName"; Value = "L-EU"; VariantName = "[No Variations]"
Add component (AddParameter): Name = "GateName_1"; Value = "G$1"; VariantName = "[No Variations]"
Add component (AddParameter): Name = "LibraryName"; Value = "rcl"; VariantName = "[No Variations]"
Add component (AddParameter): Name = "SymbolName_1"; Value = "L-EU"; VariantName = "[No Variations]"
Added Component: Designator=FD?(FIDUCIA-MOUNT)
Add component (AddParameter): Name = "DeviceName"; Value = ""; VariantName = "[No Variations]"
Add component (AddParameter): Name = "DeviceSetName"; Value = "FIDUCIALMOUNT"; VariantName = "[No Variations]"
Add component (AddParameter): Name = "GateName_1"; Value = "G$1"; VariantName = "[No Variations]"
Add component (AddParameter): Name = "LibraryName"; Value = "SmartPrj"; VariantName = "[No Variations]"
Add component (AddParameter): Name = "SymbolName_1"; Value = "FIDUCIAL"; VariantName = "[No Variations]"
Added Component: Designator=FD?(FIDUCIA-MOUNT)
Add component (AddParameter): Name = "DeviceName"; Value = ""; VariantName = "[No Variations]"
Add component (AddParameter): Name = "DeviceSetName"; Value = "FIDUCIALMOUNT"; VariantName = "[No Variations]"
Add component (AddParameter): Name = "GateName_1"; Value = "G$1"; VariantName = "[No Variations]"
Add component (AddParameter): Name = "LibraryName"; Value = "SmartPrj"; VariantName = "[No Variations]"
Add component (AddParameter): Name = "SymbolName_1"; Value = "FIDUCIAL"; VariantName = "[No Variations]"
Added Component: Designator=FD?(FIDUCIA-MOUNT)
Add component (AddParameter): Name = "DeviceName"; Value = ""; VariantName = "[No Variations]"
Add component (AddParameter): Name = "DeviceSetName"; Value = "FIDUCIALMOUNT"; VariantName = "[No Variations]"
Add component (AddParameter): Name = "GateName_1"; Value = "G$1"; VariantName = "[No Variations]"
Add component (AddParameter): Name = "LibraryName"; Value = "SmartPrj"; VariantName = "[No Variations]"
Add component (AddParameter): Name = "SymbolName_1"; Value = "FIDUCIAL"; VariantName = "[No Variations]"
Added Component: Designator=GROUND?(SJ)
Add component (AddParameter): Name = "DeviceName"; Value = ""; VariantName = "[No Variations]"
Add component (AddParameter): Name = "DeviceSetName"; Value = "SJ"; VariantName = "[No Variations]"
Add component (AddParameter): Name = "GateName_1"; Value = "1"; VariantName = "[No Variations]"
Add component (AddParameter): Name = "LibraryName"; Value = "jumper"; VariantName = "[No Variations]"
Add component (AddParameter): Name = "SymbolName_1"; Value = "SJ"; VariantName = "[No Variations]"
Added Component: Designator=ICSP?(2X03)
Add component (AddParameter): Name = "DeviceName"; Value = ""; VariantName = "[No Variations]"
Add component (AddParameter): Name = "DeviceSetName"; Value = "PINHD-2X3"; VariantName = "[No Variations]"
Add component (AddParameter): Name = "GateName_1"; Value = "A"; VariantName = "[No Variations]"
Add component (AddParameter): Name = "LibraryName"; Value = "SmartPrj"; VariantName = "[No Variations]"
Add component (AddParameter): Name = "SymbolName_1"; Value = "PINH2X3"; VariantName = "[No Variations]"
Added Component: Designator=ICSP?(2X03)
Add component (AddParameter): Name = "DeviceName"; Value = ""; VariantName = "[No Variations]"
Add component (AddParameter): Name = "DeviceSetName"; Value = "PINHD-2X3"; VariantName = "[No Variations]"
Add component (AddParameter): Name = "GateName_1"; Value = "A"; VariantName = "[No Variations]"
Add component (AddParameter): Name = "LibraryName"; Value = "SmartPrj"; VariantName = "[No Variations]"
Add component (AddParameter): Name = "SymbolName_1"; Value = "PINH2X3"; VariantName = "[No Variations]"
Added Component: Designator=IOH?(1X10)
Add component (AddParameter): Name = "DeviceName"; Value = ""; VariantName = "[No Variations]"
Add component (AddParameter): Name = "DeviceSetName"; Value = "PINHD-1X10_ARD"; VariantName = "[No Variations]"
Add component (AddParameter): Name = "GateName_1"; Value = "A"; VariantName = "[No Variations]"
Add component (AddParameter): Name = "LibraryName"; Value = "SmartPrj"; VariantName = "[No Variations]"
Add component (AddParameter): Name = "SymbolName_1"; Value = "PINHD10"; VariantName = "[No Variations]"
Added Component: Designator=IOL?(1X08)
Add component (AddParameter): Name = "DeviceName"; Value = ""; VariantName = "[No Variations]"
Add component (AddParameter): Name = "DeviceSetName"; Value = "PINHD-1X8"; VariantName = "[No Variations]"
Add component (AddParameter): Name = "GateName_1"; Value = "A"; VariantName = "[No Variations]"
Add component (AddParameter): Name = "LibraryName"; Value = "SmartPrj"; VariantName = "[No Variations]"
Add component (AddParameter): Name = "SymbolName_1"; Value = "PINHD8"; VariantName = "[No Variations]"
Added Component: Designator=JP?(2X02)
Add component (AddParameter): Name = "DeviceName"; Value = ""; VariantName = "[No Variations]"
Add component (AddParameter): Name = "DeviceSetName"; Value = "PINHD-2X2"; VariantName = "[No Variations]"
Add component (AddParameter): Name = "GateName_1"; Value = "A"; VariantName = "[No Variations]"
Add component (AddParameter): Name = "LibraryName"; Value = "SmartPrj"; VariantName = "[No Variations]"
Add component (AddParameter): Name = "SymbolName_1"; Value = "PINH2X2"; VariantName = "[No Variations]"
Added Component: Designator=L?(0805)
Add component (AddParameter): Name = "CASE"; Value = "0805"; VariantName = "[No Variations]"
Add component (AddParameter): Name = "DeviceName"; Value = ""; VariantName = "[No Variations]"
Add component (AddParameter): Name = "DeviceSetName"; Value = "0715_CV201210-100K"; VariantName = "[No Variations]"
Add component (AddParameter): Name = "GateName_1"; Value = "G$1"; VariantName = "[No Variations]"
Add component (AddParameter): Name = "LibraryName"; Value = "Induttanze"; VariantName = "[No Variations]"
Add component (AddParameter): Name = "MONTHLY_USAGE"; Value = "_____"; VariantName = "[No Variations]"
Add component (AddParameter): Name = "PART_NUMBER"; Value = "CV201210-100K"; VariantName = "[No Variations]"
Add component (AddParameter): Name = "PRICE"; Value = "_____"; VariantName = "[No Variations]"
Add component (AddParameter): Name = "SUPPLIER"; Value = "_____"; VariantName = "[No Variations]"
Add component (AddParameter): Name = "SymbolName_1"; Value = "L"; VariantName = "[No Variations]"
Add component (AddParameter): Name = "TYPE"; Value = "Induttanze"; VariantName = "[No Variations]"
Added Component: Designator=L?(0805)
Add component (AddParameter): Name = "DeviceName"; Value = "_0805"; VariantName = "[No Variations]"
Add component (AddParameter): Name = "DeviceSetName"; Value = "WE-CBF"; VariantName = "[No Variations]"
Add component (AddParameter): Name = "GateName_1"; Value = "G$1"; VariantName = "[No Variations]"
Add component (AddParameter): Name = "LibraryName"; Value = "wuerth-elektronik"; VariantName = "[No Variations]"
Add component (AddParameter): Name = "SymbolName_1"; Value = "L"; VariantName = "[No Variations]"
Added Component: Designator=L?(CHIP-LED0805)
Add component (AddParameter): Name = "DeviceName"; Value = "CHIP-LED0805"; VariantName = "[No Variations]"
Add component (AddParameter): Name = "DeviceSetName"; Value = "LED"; VariantName = "[No Variations]"
Add component (AddParameter): Name = "GateName_1"; Value = "G$1"; VariantName = "[No Variations]"
Add component (AddParameter): Name = "LibraryName"; Value = "led"; VariantName = "[No Variations]"
Add component (AddParameter): Name = "SymbolName_1"; Value = "LED"; VariantName = "[No Variations]"
Added Component: Designator=ON?(CHIP-LED0805)
Add component (AddParameter): Name = "DeviceName"; Value = "CHIP-LED0805"; VariantName = "[No Variations]"
Add component (AddParameter): Name = "DeviceSetName"; Value = "LED"; VariantName = "[No Variations]"
Add component (AddParameter): Name = "GateName_1"; Value = "G$1"; VariantName = "[No Variations]"
Add component (AddParameter): Name = "LibraryName"; Value = "led"; VariantName = "[No Variations]"
Add component (AddParameter): Name = "SymbolName_1"; Value = "LED"; VariantName = "[No Variations]"
Added Component: Designator=ORIGIN?(TP-SP)
Add component (AddParameter): Name = "DeviceName"; Value = ""; VariantName = "[No Variations]"
Add component (AddParameter): Name = "DeviceSetName"; Value = "TP_SP"; VariantName = "[No Variations]"
Add component (AddParameter): Name = "GateName_1"; Value = "G$1"; VariantName = "[No Variations]"
Add component (AddParameter): Name = "LibraryName"; Value = "SmartPrj"; VariantName = "[No Variations]"
Add component (AddParameter): Name = "SymbolName_1"; Value = "TP-SP"; VariantName = "[No Variations]"
Added Component: Designator=PC?(PANASONIC_D)
Add component (AddParameter): Name = "+"; Value = "+"; VariantName = "[No Variations]"
Add component (AddParameter): Name = "DeviceName"; Value = "D"; VariantName = "[No Variations]"
Add component (AddParameter): Name = "DeviceSetName"; Value = "CPOL-EU"; VariantName = "[No Variations]"
Add component (AddParameter): Name = "GateName_1"; Value = "G$1"; VariantName = "[No Variations]"
Add component (AddParameter): Name = "LibraryName"; Value = "rcl"; VariantName = "[No Variations]"
Add component (AddParameter): Name = "SymbolName_1"; Value = "CPOL"; VariantName = "[No Variations]"
Added Component: Designator=PC?(PANASONIC_D)
Add component (AddParameter): Name = "+"; Value = "+"; VariantName = "[No Variations]"
Add component (AddParameter): Name = "DeviceName"; Value = "D"; VariantName = "[No Variations]"
Add component (AddParameter): Name = "DeviceSetName"; Value = "CPOL-EU"; VariantName = "[No Variations]"
Add component (AddParameter): Name = "GateName_1"; Value = "G$1"; VariantName = "[No Variations]"
Add component (AddParameter): Name = "LibraryName"; Value = "rcl"; VariantName = "[No Variations]"
Add component (AddParameter): Name = "SymbolName_1"; Value = "CPOL"; VariantName = "[No Variations]"
Added Component: Designator=POWER?(1X08)
Add component (AddParameter): Name = "DeviceName"; Value = ""; VariantName = "[No Variations]"
Add component (AddParameter): Name = "DeviceSetName"; Value = "PINHD-1X8"; VariantName = "[No Variations]"
Add component (AddParameter): Name = "GateName_1"; Value = "A"; VariantName = "[No Variations]"
Add component (AddParameter): Name = "LibraryName"; Value = "SmartPrj"; VariantName = "[No Variations]"
Add component (AddParameter): Name = "SymbolName_1"; Value = "PINHD8"; VariantName = "[No Variations]"
Added Component: Designator=R?(R0603-ROUND)
Add component (AddParameter): Name = "DeviceName"; Value = "R0603"; VariantName = "[No Variations]"
Add component (AddParameter): Name = "DeviceSetName"; Value = "R-EU_"; VariantName = "[No Variations]"
Add component (AddParameter): Name = "GateName_1"; Value = "G$1"; VariantName = "[No Variations]"
Add component (AddParameter): Name = "LibraryName"; Value = "SmartPrj"; VariantName = "[No Variations]"
Add component (AddParameter): Name = "SymbolName_1"; Value = "R-EU"; VariantName = "[No Variations]"
Added Component: Designator=R?(R0603-ROUND)
Add component (AddParameter): Name = "DeviceName"; Value = "R0603"; VariantName = "[No Variations]"
Add component (AddParameter): Name = "DeviceSetName"; Value = "R-EU_"; VariantName = "[No Variations]"
Add component (AddParameter): Name = "GateName_1"; Value = "G$1"; VariantName = "[No Variations]"
Add component (AddParameter): Name = "LibraryName"; Value = "SmartPrj"; VariantName = "[No Variations]"
Add component (AddParameter): Name = "SymbolName_1"; Value = "R-EU"; VariantName = "[No Variations]"
Added Component: Designator=RESET?(TS42)
Add component (AddParameter): Name = "DeviceName"; Value = ""; VariantName = "[No Variations]"
Add component (AddParameter): Name = "DeviceSetName"; Value = "TS42"; VariantName = "[No Variations]"
Add component (AddParameter): Name = "GateName_1"; Value = "G$1"; VariantName = "[No Variations]"
Add component (AddParameter): Name = "LibraryName"; Value = "SmartPrj"; VariantName = "[No Variations]"
Add component (AddParameter): Name = "SymbolName_1"; Value = "ST-MOD_V1.4_TS42"; VariantName = "[No Variations]"
Added Component: Designator=RESET-EN?(SJ)
Add component (AddParameter): Name = "DeviceName"; Value = ""; VariantName = "[No Variations]"
Add component (AddParameter): Name = "DeviceSetName"; Value = "SJ"; VariantName = "[No Variations]"
Add component (AddParameter): Name = "GateName_1"; Value = "1"; VariantName = "[No Variations]"
Add component (AddParameter): Name = "LibraryName"; Value = "jumper"; VariantName = "[No Variations]"
Add component (AddParameter): Name = "SymbolName_1"; Value = "SJ"; VariantName = "[No Variations]"
Added Component: Designator=RN?(CAY16)
Add component (AddParameter): Name = "DeviceName"; Value = "CAY16"; VariantName = "[No Variations]"
Add component (AddParameter): Name = "DeviceSetName"; Value = "4R-N"; VariantName = "[No Variations]"
Add component (AddParameter): Name = "GateName_1"; Value = "A"; VariantName = "[No Variations]"
Add component (AddParameter): Name = "GateName_2"; Value = "B"; VariantName = "[No Variations]"
Add component (AddParameter): Name = "GateName_3"; Value = "C"; VariantName = "[No Variations]"
Add component (AddParameter): Name = "GateName_4"; Value = "D"; VariantName = "[No Variations]"
Add component (AddParameter): Name = "LibraryName"; Value = "resistor-dil"; VariantName = "[No Variations]"
Add component (AddParameter): Name = "SymbolName_1"; Value = "R1NV"; VariantName = "[No Variations]"
Add component (AddParameter): Name = "SymbolName_2"; Value = "R1NV"; VariantName = "[No Variations]"
Add component (AddParameter): Name = "SymbolName_3"; Value = "R1NV"; VariantName = "[No Variations]"
Add component (AddParameter): Name = "SymbolName_4"; Value = "R1NV"; VariantName = "[No Variations]"
Added Component: Designator=RN?(CAY16)
Add component (AddParameter): Name = "DeviceName"; Value = "CAY16"; VariantName = "[No Variations]"
Add component (AddParameter): Name = "DeviceSetName"; Value = "4R-N"; VariantName = "[No Variations]"
Add component (AddParameter): Name = "GateName_1"; Value = "A"; VariantName = "[No Variations]"
Add component (AddParameter): Name = "GateName_2"; Value = "B"; VariantName = "[No Variations]"
Add component (AddParameter): Name = "GateName_3"; Value = "C"; VariantName = "[No Variations]"
Add component (AddParameter): Name = "GateName_4"; Value = "D"; VariantName = "[No Variations]"
Add component (AddParameter): Name = "LibraryName"; Value = "resistor-dil"; VariantName = "[No Variations]"
Add component (AddParameter): Name = "SymbolName_1"; Value = "R1NV"; VariantName = "[No Variations]"
Add component (AddParameter): Name = "SymbolName_2"; Value = "R1NV"; VariantName = "[No Variations]"
Add component (AddParameter): Name = "SymbolName_3"; Value = "R1NV"; VariantName = "[No Variations]"
Add component (AddParameter): Name = "SymbolName_4"; Value = "R1NV"; VariantName = "[No Variations]"
Added Component: Designator=RN?(CAY16)
Add component (AddParameter): Name = "DeviceName"; Value = "CAY16"; VariantName = "[No Variations]"
Add component (AddParameter): Name = "DeviceSetName"; Value = "4R-N"; VariantName = "[No Variations]"
Add component (AddParameter): Name = "GateName_1"; Value = "A"; VariantName = "[No Variations]"
Add component (AddParameter): Name = "GateName_2"; Value = "B"; VariantName = "[No Variations]"
Add component (AddParameter): Name = "GateName_3"; Value = "C"; VariantName = "[No Variations]"
Add component (AddParameter): Name = "GateName_4"; Value = "D"; VariantName = "[No Variations]"
Add component (AddParameter): Name = "LibraryName"; Value = "resistor-dil"; VariantName = "[No Variations]"
Add component (AddParameter): Name = "SymbolName_1"; Value = "R1NV"; VariantName = "[No Variations]"
Add component (AddParameter): Name = "SymbolName_2"; Value = "R1NV"; VariantName = "[No Variations]"
Add component (AddParameter): Name = "SymbolName_3"; Value = "R1NV"; VariantName = "[No Variations]"
Add component (AddParameter): Name = "SymbolName_4"; Value = "R1NV"; VariantName = "[No Variations]"
Added Component: Designator=RN?(CAY16)
Add component (AddParameter): Name = "DeviceName"; Value = "CAY16"; VariantName = "[No Variations]"
Add component (AddParameter): Name = "DeviceSetName"; Value = "4R-N"; VariantName = "[No Variations]"
Add component (AddParameter): Name = "GateName_1"; Value = "A"; VariantName = "[No Variations]"
Add component (AddParameter): Name = "GateName_2"; Value = "B"; VariantName = "[No Variations]"
Add component (AddParameter): Name = "GateName_3"; Value = "C"; VariantName = "[No Variations]"
Add component (AddParameter): Name = "GateName_4"; Value = "D"; VariantName = "[No Variations]"
Add component (AddParameter): Name = "LibraryName"; Value = "resistor-dil"; VariantName = "[No Variations]"
Add component (AddParameter): Name = "SymbolName_1"; Value = "R1NV"; VariantName = "[No Variations]"
Add component (AddParameter): Name = "SymbolName_2"; Value = "R1NV"; VariantName = "[No Variations]"
Add component (AddParameter): Name = "SymbolName_3"; Value = "R1NV"; VariantName = "[No Variations]"
Add component (AddParameter): Name = "SymbolName_4"; Value = "R1NV"; VariantName = "[No Variations]"
Added Component: Designator=RN?(CAY16)
Add component (AddParameter): Name = "DeviceName"; Value = "CAY16"; VariantName = "[No Variations]"
Add component (AddParameter): Name = "DeviceSetName"; Value = "4R-N"; VariantName = "[No Variations]"
Add component (AddParameter): Name = "GateName_1"; Value = "A"; VariantName = "[No Variations]"
Add component (AddParameter): Name = "GateName_2"; Value = "B"; VariantName = "[No Variations]"
Add component (AddParameter): Name = "GateName_3"; Value = "C"; VariantName = "[No Variations]"
Add component (AddParameter): Name = "GateName_4"; Value = "D"; VariantName = "[No Variations]"
Add component (AddParameter): Name = "LibraryName"; Value = "resistor-dil"; VariantName = "[No Variations]"
Add component (AddParameter): Name = "SymbolName_1"; Value = "R1NV"; VariantName = "[No Variations]"
Add component (AddParameter): Name = "SymbolName_2"; Value = "R1NV"; VariantName = "[No Variations]"
Add component (AddParameter): Name = "SymbolName_3"; Value = "R1NV"; VariantName = "[No Variations]"
Add component (AddParameter): Name = "SymbolName_4"; Value = "R1NV"; VariantName = "[No Variations]"
Added Component: Designator=RN?(CAY16)
Add component (AddParameter): Name = "DeviceName"; Value = "CAY16"; VariantName = "[No Variations]"
Add component (AddParameter): Name = "DeviceSetName"; Value = "4R-N"; VariantName = "[No Variations]"
Add component (AddParameter): Name = "GateName_1"; Value = "A"; VariantName = "[No Variations]"
Add component (AddParameter): Name = "GateName_2"; Value = "B"; VariantName = "[No Variations]"
Add component (AddParameter): Name = "GateName_3"; Value = "C"; VariantName = "[No Variations]"
Add component (AddParameter): Name = "GateName_4"; Value = "D"; VariantName = "[No Variations]"
Add component (AddParameter): Name = "LibraryName"; Value = "resistor-dil"; VariantName = "[No Variations]"
Add component (AddParameter): Name = "SymbolName_1"; Value = "R1NV"; VariantName = "[No Variations]"
Add component (AddParameter): Name = "SymbolName_2"; Value = "R1NV"; VariantName = "[No Variations]"
Add component (AddParameter): Name = "SymbolName_3"; Value = "R1NV"; VariantName = "[No Variations]"
Add component (AddParameter): Name = "SymbolName_4"; Value = "R1NV"; VariantName = "[No Variations]"
Added Component: Designator=RN?(CAY16)
Add component (AddParameter): Name = "DeviceName"; Value = "CAY16"; VariantName = "[No Variations]"
Add component (AddParameter): Name = "DeviceSetName"; Value = "4R-N"; VariantName = "[No Variations]"
Add component (AddParameter): Name = "GateName_1"; Value = "A"; VariantName = "[No Variations]"
Add component (AddParameter): Name = "GateName_2"; Value = "B"; VariantName = "[No Variations]"
Add component (AddParameter): Name = "GateName_3"; Value = "C"; VariantName = "[No Variations]"
Add component (AddParameter): Name = "GateName_4"; Value = "D"; VariantName = "[No Variations]"
Add component (AddParameter): Name = "LibraryName"; Value = "resistor-dil"; VariantName = "[No Variations]"
Add component (AddParameter): Name = "SymbolName_1"; Value = "R1NV"; VariantName = "[No Variations]"
Add component (AddParameter): Name = "SymbolName_2"; Value = "R1NV"; VariantName = "[No Variations]"
Add component (AddParameter): Name = "SymbolName_3"; Value = "R1NV"; VariantName = "[No Variations]"
Add component (AddParameter): Name = "SymbolName_4"; Value = "R1NV"; VariantName = "[No Variations]"
Added Component: Designator=RN?(CAY16)
Add component (AddParameter): Name = "DeviceName"; Value = "CAY16"; VariantName = "[No Variations]"
Add component (AddParameter): Name = "DeviceSetName"; Value = "4R-N"; VariantName = "[No Variations]"
Add component (AddParameter): Name = "GateName_1"; Value = "A"; VariantName = "[No Variations]"
Add component (AddParameter): Name = "GateName_2"; Value = "B"; VariantName = "[No Variations]"
Add component (AddParameter): Name = "GateName_3"; Value = "C"; VariantName = "[No Variations]"
Add component (AddParameter): Name = "GateName_4"; Value = "D"; VariantName = "[No Variations]"
Add component (AddParameter): Name = "LibraryName"; Value = "resistor-dil"; VariantName = "[No Variations]"
Add component (AddParameter): Name = "SymbolName_1"; Value = "R1NV"; VariantName = "[No Variations]"
Add component (AddParameter): Name = "SymbolName_2"; Value = "R1NV"; VariantName = "[No Variations]"
Add component (AddParameter): Name = "SymbolName_3"; Value = "R1NV"; VariantName = "[No Variations]"
Add component (AddParameter): Name = "SymbolName_4"; Value = "R1NV"; VariantName = "[No Variations]"
Added Component: Designator=RN?(CAY16)
Add component (AddParameter): Name = "DeviceName"; Value = "CAY16"; VariantName = "[No Variations]"
Add component (AddParameter): Name = "DeviceSetName"; Value = "4R-N"; VariantName = "[No Variations]"
Add component (AddParameter): Name = "GateName_1"; Value = "A"; VariantName = "[No Variations]"
Add component (AddParameter): Name = "GateName_2"; Value = "B"; VariantName = "[No Variations]"
Add component (AddParameter): Name = "GateName_3"; Value = "C"; VariantName = "[No Variations]"
Add component (AddParameter): Name = "GateName_4"; Value = "D"; VariantName = "[No Variations]"
Add component (AddParameter): Name = "LibraryName"; Value = "resistor-dil"; VariantName = "[No Variations]"
Add component (AddParameter): Name = "SymbolName_1"; Value = "R1NV"; VariantName = "[No Variations]"
Add component (AddParameter): Name = "SymbolName_2"; Value = "R1NV"; VariantName = "[No Variations]"
Add component (AddParameter): Name = "SymbolName_3"; Value = "R1NV"; VariantName = "[No Variations]"
Add component (AddParameter): Name = "SymbolName_4"; Value = "R1NV"; VariantName = "[No Variations]"
Added Component: Designator=RN?(CAY16)
Add component (AddParameter): Name = "DeviceName"; Value = "CAY16"; VariantName = "[No Variations]"
Add component (AddParameter): Name = "DeviceSetName"; Value = "4R-N"; VariantName = "[No Variations]"
Add component (AddParameter): Name = "GateName_1"; Value = "A"; VariantName = "[No Variations]"
Add component (AddParameter): Name = "GateName_2"; Value = "B"; VariantName = "[No Variations]"
Add component (AddParameter): Name = "GateName_3"; Value = "C"; VariantName = "[No Variations]"
Add component (AddParameter): Name = "GateName_4"; Value = "D"; VariantName = "[No Variations]"
Add component (AddParameter): Name = "LibraryName"; Value = "resistor-dil"; VariantName = "[No Variations]"
Add component (AddParameter): Name = "SymbolName_1"; Value = "R1NV"; VariantName = "[No Variations]"
Add component (AddParameter): Name = "SymbolName_2"; Value = "R1NV"; VariantName = "[No Variations]"
Add component (AddParameter): Name = "SymbolName_3"; Value = "R1NV"; VariantName = "[No Variations]"
Add component (AddParameter): Name = "SymbolName_4"; Value = "R1NV"; VariantName = "[No Variations]"
Added Component: Designator=RN?(CAY16)
Add component (AddParameter): Name = "DeviceName"; Value = "CAY16"; VariantName = "[No Variations]"
Add component (AddParameter): Name = "DeviceSetName"; Value = "4R-N"; VariantName = "[No Variations]"
Add component (AddParameter): Name = "GateName_1"; Value = "A"; VariantName = "[No Variations]"
Add component (AddParameter): Name = "GateName_2"; Value = "B"; VariantName = "[No Variations]"
Add component (AddParameter): Name = "GateName_3"; Value = "C"; VariantName = "[No Variations]"
Add component (AddParameter): Name = "GateName_4"; Value = "D"; VariantName = "[No Variations]"
Add component (AddParameter): Name = "LibraryName"; Value = "resistor-dil"; VariantName = "[No Variations]"
Add component (AddParameter): Name = "SymbolName_1"; Value = "R1NV"; VariantName = "[No Variations]"
Add component (AddParameter): Name = "SymbolName_2"; Value = "R1NV"; VariantName = "[No Variations]"
Add component (AddParameter): Name = "SymbolName_3"; Value = "R1NV"; VariantName = "[No Variations]"
Add component (AddParameter): Name = "SymbolName_4"; Value = "R1NV"; VariantName = "[No Variations]"
Added Component: Designator=RN?(CAY16)
Add component (AddParameter): Name = "DeviceName"; Value = "CAY16"; VariantName = "[No Variations]"
Add component (AddParameter): Name = "DeviceSetName"; Value = "4R-N"; VariantName = "[No Variations]"
Add component (AddParameter): Name = "GateName_1"; Value = "A"; VariantName = "[No Variations]"
Add component (AddParameter): Name = "GateName_2"; Value = "B"; VariantName = "[No Variations]"
Add component (AddParameter): Name = "GateName_3"; Value = "C"; VariantName = "[No Variations]"
Add component (AddParameter): Name = "GateName_4"; Value = "D"; VariantName = "[No Variations]"
Add component (AddParameter): Name = "LibraryName"; Value = "resistor-dil"; VariantName = "[No Variations]"
Add component (AddParameter): Name = "SymbolName_1"; Value = "R1NV"; VariantName = "[No Variations]"
Add component (AddParameter): Name = "SymbolName_2"; Value = "R1NV"; VariantName = "[No Variations]"
Add component (AddParameter): Name = "SymbolName_3"; Value = "R1NV"; VariantName = "[No Variations]"
Add component (AddParameter): Name = "SymbolName_4"; Value = "R1NV"; VariantName = "[No Variations]"
Added Component: Designator=RN?(CAY16)
Add component (AddParameter): Name = "DeviceName"; Value = "CAY16"; VariantName = "[No Variations]"
Add component (AddParameter): Name = "DeviceSetName"; Value = "4R-N"; VariantName = "[No Variations]"
Add component (AddParameter): Name = "GateName_1"; Value = "A"; VariantName = "[No Variations]"
Add component (AddParameter): Name = "GateName_2"; Value = "B"; VariantName = "[No Variations]"
Add component (AddParameter): Name = "GateName_3"; Value = "C"; VariantName = "[No Variations]"
Add component (AddParameter): Name = "GateName_4"; Value = "D"; VariantName = "[No Variations]"
Add component (AddParameter): Name = "LibraryName"; Value = "resistor-dil"; VariantName = "[No Variations]"
Add component (AddParameter): Name = "SymbolName_1"; Value = "R1NV"; VariantName = "[No Variations]"
Add component (AddParameter): Name = "SymbolName_2"; Value = "R1NV"; VariantName = "[No Variations]"
Add component (AddParameter): Name = "SymbolName_3"; Value = "R1NV"; VariantName = "[No Variations]"
Add component (AddParameter): Name = "SymbolName_4"; Value = "R1NV"; VariantName = "[No Variations]"
Added Component: Designator=RN?(CAY16)
Add component (AddParameter): Name = "DeviceName"; Value = "CAY16"; VariantName = "[No Variations]"
Add component (AddParameter): Name = "DeviceSetName"; Value = "4R-N"; VariantName = "[No Variations]"
Add component (AddParameter): Name = "GateName_1"; Value = "A"; VariantName = "[No Variations]"
Add component (AddParameter): Name = "GateName_2"; Value = "B"; VariantName = "[No Variations]"
Add component (AddParameter): Name = "GateName_3"; Value = "C"; VariantName = "[No Variations]"
Add component (AddParameter): Name = "GateName_4"; Value = "D"; VariantName = "[No Variations]"
Add component (AddParameter): Name = "LibraryName"; Value = "resistor-dil"; VariantName = "[No Variations]"
Add component (AddParameter): Name = "SymbolName_1"; Value = "R1NV"; VariantName = "[No Variations]"
Add component (AddParameter): Name = "SymbolName_2"; Value = "R1NV"; VariantName = "[No Variations]"
Add component (AddParameter): Name = "SymbolName_3"; Value = "R1NV"; VariantName = "[No Variations]"
Add component (AddParameter): Name = "SymbolName_4"; Value = "R1NV"; VariantName = "[No Variations]"
Added Component: Designator=RN?(CAY16)
Add component (AddParameter): Name = "DeviceName"; Value = "CAY16"; VariantName = "[No Variations]"
Add component (AddParameter): Name = "DeviceSetName"; Value = "4R-N"; VariantName = "[No Variations]"
Add component (AddParameter): Name = "GateName_1"; Value = "A"; VariantName = "[No Variations]"
Add component (AddParameter): Name = "GateName_2"; Value = "B"; VariantName = "[No Variations]"
Add component (AddParameter): Name = "GateName_3"; Value = "C"; VariantName = "[No Variations]"
Add component (AddParameter): Name = "GateName_4"; Value = "D"; VariantName = "[No Variations]"
Add component (AddParameter): Name = "LibraryName"; Value = "resistor-dil"; VariantName = "[No Variations]"
Add component (AddParameter): Name = "SymbolName_1"; Value = "R1NV"; VariantName = "[No Variations]"
Add component (AddParameter): Name = "SymbolName_2"; Value = "R1NV"; VariantName = "[No Variations]"
Add component (AddParameter): Name = "SymbolName_3"; Value = "R1NV"; VariantName = "[No Variations]"
Add component (AddParameter): Name = "SymbolName_4"; Value = "R1NV"; VariantName = "[No Variations]"
Added Component: Designator=RN?(CAY16)
Add component (AddParameter): Name = "DeviceName"; Value = "CAY16"; VariantName = "[No Variations]"
Add component (AddParameter): Name = "DeviceSetName"; Value = "4R-N"; VariantName = "[No Variations]"
Add component (AddParameter): Name = "GateName_1"; Value = "A"; VariantName = "[No Variations]"
Add component (AddParameter): Name = "GateName_2"; Value = "B"; VariantName = "[No Variations]"
Add component (AddParameter): Name = "GateName_3"; Value = "C"; VariantName = "[No Variations]"
Add component (AddParameter): Name = "GateName_4"; Value = "D"; VariantName = "[No Variations]"
Add component (AddParameter): Name = "LibraryName"; Value = "resistor-dil"; VariantName = "[No Variations]"
Add component (AddParameter): Name = "SymbolName_1"; Value = "R1NV"; VariantName = "[No Variations]"
Add component (AddParameter): Name = "SymbolName_2"; Value = "R1NV"; VariantName = "[No Variations]"
Add component (AddParameter): Name = "SymbolName_3"; Value = "R1NV"; VariantName = "[No Variations]"
Add component (AddParameter): Name = "SymbolName_4"; Value = "R1NV"; VariantName = "[No Variations]"
Added Component: Designator=RX?(CHIP-LED0805)
Add component (AddParameter): Name = "DeviceName"; Value = "CHIP-LED0805"; VariantName = "[No Variations]"
Add component (AddParameter): Name = "DeviceSetName"; Value = "LED"; VariantName = "[No Variations]"
Add component (AddParameter): Name = "GateName_1"; Value = "G$1"; VariantName = "[No Variations]"
Add component (AddParameter): Name = "LibraryName"; Value = "led"; VariantName = "[No Variations]"
Add component (AddParameter): Name = "SymbolName_1"; Value = "LED"; VariantName = "[No Variations]"
Added Component: Designator=T?(SOT-23)
Add component (AddParameter): Name = "DeviceName"; Value = ""; VariantName = "[No Variations]"
Add component (AddParameter): Name = "DeviceSetName"; Value = "PMOSSOT23"; VariantName = "[No Variations]"
Add component (AddParameter): Name = "GateName_1"; Value = "A"; VariantName = "[No Variations]"
Add component (AddParameter): Name = "LibraryName"; Value = "zetex"; VariantName = "[No Variations]"
Add component (AddParameter): Name = "SymbolName_1"; Value = "P_MOSFET"; VariantName = "[No Variations]"
Added Component: Designator=TP_?(TP-SP)
Add component (AddParameter): Name = "DeviceName"; Value = ""; VariantName = "[No Variations]"
Add component (AddParameter): Name = "DeviceSetName"; Value = "TP_SP"; VariantName = "[No Variations]"
Add component (AddParameter): Name = "GateName_1"; Value = "G$1"; VariantName = "[No Variations]"
Add component (AddParameter): Name = "LibraryName"; Value = "SmartPrj"; VariantName = "[No Variations]"
Add component (AddParameter): Name = "SymbolName_1"; Value = "TP-SP"; VariantName = "[No Variations]"
Added Component: Designator=TP_?(TP-SP)
Add component (AddParameter): Name = "DeviceName"; Value = ""; VariantName = "[No Variations]"
Add component (AddParameter): Name = "DeviceSetName"; Value = "TP_SP"; VariantName = "[No Variations]"
Add component (AddParameter): Name = "GateName_1"; Value = "G$1"; VariantName = "[No Variations]"
Add component (AddParameter): Name = "LibraryName"; Value = "SmartPrj"; VariantName = "[No Variations]"
Add component (AddParameter): Name = "SymbolName_1"; Value = "TP-SP"; VariantName = "[No Variations]"
Added Component: Designator=TP_?(TP-SP)
Add component (AddParameter): Name = "DeviceName"; Value = ""; VariantName = "[No Variations]"
Add component (AddParameter): Name = "DeviceSetName"; Value = "TP_SP"; VariantName = "[No Variations]"
Add component (AddParameter): Name = "GateName_1"; Value = "G$1"; VariantName = "[No Variations]"
Add component (AddParameter): Name = "LibraryName"; Value = "SmartPrj"; VariantName = "[No Variations]"
Add component (AddParameter): Name = "SymbolName_1"; Value = "TP-SP"; VariantName = "[No Variations]"
Added Component: Designator=TP_?(TP-SP)
Add component (AddParameter): Name = "DeviceName"; Value = ""; VariantName = "[No Variations]"
Add component (AddParameter): Name = "DeviceSetName"; Value = "TP_SP"; VariantName = "[No Variations]"
Add component (AddParameter): Name = "GateName_1"; Value = "G$1"; VariantName = "[No Variations]"
Add component (AddParameter): Name = "LibraryName"; Value = "SmartPrj"; VariantName = "[No Variations]"
Add component (AddParameter): Name = "SymbolName_1"; Value = "TP-SP"; VariantName = "[No Variations]"
Added Component: Designator=TP_?(TP-SP)
Add component (AddParameter): Name = "DeviceName"; Value = ""; VariantName = "[No Variations]"
Add component (AddParameter): Name = "DeviceSetName"; Value = "TP_SP"; VariantName = "[No Variations]"
Add component (AddParameter): Name = "GateName_1"; Value = "G$1"; VariantName = "[No Variations]"
Add component (AddParameter): Name = "LibraryName"; Value = "SmartPrj"; VariantName = "[No Variations]"
Add component (AddParameter): Name = "SymbolName_1"; Value = "TP-SP"; VariantName = "[No Variations]"
Added Component: Designator=TP_?(TP-SP)
Add component (AddParameter): Name = "DeviceName"; Value = ""; VariantName = "[No Variations]"
Add component (AddParameter): Name = "DeviceSetName"; Value = "TP_SP"; VariantName = "[No Variations]"
Add component (AddParameter): Name = "GateName_1"; Value = "G$1"; VariantName = "[No Variations]"
Add component (AddParameter): Name = "LibraryName"; Value = "SmartPrj"; VariantName = "[No Variations]"
Add component (AddParameter): Name = "SymbolName_1"; Value = "TP-SP"; VariantName = "[No Variations]"
Added Component: Designator=TP_?(TP-SP)
Add component (AddParameter): Name = "DeviceName"; Value = ""; VariantName = "[No Variations]"
Add component (AddParameter): Name = "DeviceSetName"; Value = "TP_SP"; VariantName = "[No Variations]"
Add component (AddParameter): Name = "GateName_1"; Value = "G$1"; VariantName = "[No Variations]"
Add component (AddParameter): Name = "LibraryName"; Value = "SmartPrj"; VariantName = "[No Variations]"
Add component (AddParameter): Name = "SymbolName_1"; Value = "TP-SP"; VariantName = "[No Variations]"
Added Component: Designator=TP_?(TP-SP)
Add component (AddParameter): Name = "DeviceName"; Value = ""; VariantName = "[No Variations]"
Add component (AddParameter): Name = "DeviceSetName"; Value = "TP_SP"; VariantName = "[No Variations]"
Add component (AddParameter): Name = "GateName_1"; Value = "G$1"; VariantName = "[No Variations]"
Add component (AddParameter): Name = "LibraryName"; Value = "SmartPrj"; VariantName = "[No Variations]"
Add component (AddParameter): Name = "SymbolName_1"; Value = "TP-SP"; VariantName = "[No Variations]"
Added Component: Designator=TP_?(TP-SP)
Add component (AddParameter): Name = "DeviceName"; Value = ""; VariantName = "[No Variations]"
Add component (AddParameter): Name = "DeviceSetName"; Value = "TP_SP"; VariantName = "[No Variations]"
Add component (AddParameter): Name = "GateName_1"; Value = "G$1"; VariantName = "[No Variations]"
Add component (AddParameter): Name = "LibraryName"; Value = "SmartPrj"; VariantName = "[No Variations]"
Add component (AddParameter): Name = "SymbolName_1"; Value = "TP-SP"; VariantName = "[No Variations]"
Added Component: Designator=TP_?(TP-SP)
Add component (AddParameter): Name = "DeviceName"; Value = ""; VariantName = "[No Variations]"
Add component (AddParameter): Name = "DeviceSetName"; Value = "TP_SP"; VariantName = "[No Variations]"
Add component (AddParameter): Name = "GateName_1"; Value = "G$1"; VariantName = "[No Variations]"
Add component (AddParameter): Name = "LibraryName"; Value = "SmartPrj"; VariantName = "[No Variations]"
Add component (AddParameter): Name = "SymbolName_1"; Value = "TP-SP"; VariantName = "[No Variations]"
Added Component: Designator=TP_?(TP-SP)
Add component (AddParameter): Name = "DeviceName"; Value = ""; VariantName = "[No Variations]"
Add component (AddParameter): Name = "DeviceSetName"; Value = "TP_SP"; VariantName = "[No Variations]"
Add component (AddParameter): Name = "GateName_1"; Value = "G$1"; VariantName = "[No Variations]"
Add component (AddParameter): Name = "LibraryName"; Value = "SmartPrj"; VariantName = "[No Variations]"
Add component (AddParameter): Name = "SymbolName_1"; Value = "TP-SP"; VariantName = "[No Variations]"
Added Component: Designator=TP_?(TP-SP)
Add component (AddParameter): Name = "DeviceName"; Value = ""; VariantName = "[No Variations]"
Add component (AddParameter): Name = "DeviceSetName"; Value = "TP_SP"; VariantName = "[No Variations]"
Add component (AddParameter): Name = "GateName_1"; Value = "G$1"; VariantName = "[No Variations]"
Add component (AddParameter): Name = "LibraryName"; Value = "SmartPrj"; VariantName = "[No Variations]"
Add component (AddParameter): Name = "SymbolName_1"; Value = "TP-SP"; VariantName = "[No Variations]"
Added Component: Designator=TP_?(TP-SP)
Add component (AddParameter): Name = "DeviceName"; Value = ""; VariantName = "[No Variations]"
Add component (AddParameter): Name = "DeviceSetName"; Value = "TP_SP"; VariantName = "[No Variations]"
Add component (AddParameter): Name = "GateName_1"; Value = "G$1"; VariantName = "[No Variations]"
Add component (AddParameter): Name = "LibraryName"; Value = "SmartPrj"; VariantName = "[No Variations]"
Add component (AddParameter): Name = "SymbolName_1"; Value = "TP-SP"; VariantName = "[No Variations]"
Added Component: Designator=TP_?(TP-SP)
Add component (AddParameter): Name = "DeviceName"; Value = ""; VariantName = "[No Variations]"
Add component (AddParameter): Name = "DeviceSetName"; Value = "TP_SP"; VariantName = "[No Variations]"
Add component (AddParameter): Name = "GateName_1"; Value = "G$1"; VariantName = "[No Variations]"
Add component (AddParameter): Name = "LibraryName"; Value = "SmartPrj"; VariantName = "[No Variations]"
Add component (AddParameter): Name = "SymbolName_1"; Value = "TP-SP"; VariantName = "[No Variations]"
Added Component: Designator=TP_?(TP-SP)
Add component (AddParameter): Name = "DeviceName"; Value = ""; VariantName = "[No Variations]"
Add component (AddParameter): Name = "DeviceSetName"; Value = "TP_SP"; VariantName = "[No Variations]"
Add component (AddParameter): Name = "GateName_1"; Value = "G$1"; VariantName = "[No Variations]"
Add component (AddParameter): Name = "LibraryName"; Value = "SmartPrj"; VariantName = "[No Variations]"
Add component (AddParameter): Name = "SymbolName_1"; Value = "TP-SP"; VariantName = "[No Variations]"
Added Component: Designator=TP_?(TP-SP)
Add component (AddParameter): Name = "DeviceName"; Value = ""; VariantName = "[No Variations]"
Add component (AddParameter): Name = "DeviceSetName"; Value = "TP_SP"; VariantName = "[No Variations]"
Add component (AddParameter): Name = "GateName_1"; Value = "G$1"; VariantName = "[No Variations]"
Add component (AddParameter): Name = "LibraryName"; Value = "SmartPrj"; VariantName = "[No Variations]"
Add component (AddParameter): Name = "SymbolName_1"; Value = "TP-SP"; VariantName = "[No Variations]"
Added Component: Designator=TP_?(TP-SP)
Add component (AddParameter): Name = "DeviceName"; Value = ""; VariantName = "[No Variations]"
Add component (AddParameter): Name = "DeviceSetName"; Value = "TP_SP"; VariantName = "[No Variations]"
Add component (AddParameter): Name = "GateName_1"; Value = "G$1"; VariantName = "[No Variations]"
Add component (AddParameter): Name = "LibraryName"; Value = "SmartPrj"; VariantName = "[No Variations]"
Add component (AddParameter): Name = "SymbolName_1"; Value = "TP-SP"; VariantName = "[No Variations]"
Added Component: Designator=TP_A?(TP-SP)
Add component (AddParameter): Name = "DeviceName"; Value = ""; VariantName = "[No Variations]"
Add component (AddParameter): Name = "DeviceSetName"; Value = "TP_SP"; VariantName = "[No Variations]"
Add component (AddParameter): Name = "GateName_1"; Value = "G$1"; VariantName = "[No Variations]"
Add component (AddParameter): Name = "LibraryName"; Value = "SmartPrj"; VariantName = "[No Variations]"
Add component (AddParameter): Name = "SymbolName_1"; Value = "TP-SP"; VariantName = "[No Variations]"
Added Component: Designator=TP_A?(TP-SP)
Add component (AddParameter): Name = "DeviceName"; Value = ""; VariantName = "[No Variations]"
Add component (AddParameter): Name = "DeviceSetName"; Value = "TP_SP"; VariantName = "[No Variations]"
Add component (AddParameter): Name = "GateName_1"; Value = "G$1"; VariantName = "[No Variations]"
Add component (AddParameter): Name = "LibraryName"; Value = "SmartPrj"; VariantName = "[No Variations]"
Add component (AddParameter): Name = "SymbolName_1"; Value = "TP-SP"; VariantName = "[No Variations]"
Added Component: Designator=TP_A?(TP-SP)
Add component (AddParameter): Name = "DeviceName"; Value = ""; VariantName = "[No Variations]"
Add component (AddParameter): Name = "DeviceSetName"; Value = "TP_SP"; VariantName = "[No Variations]"
Add component (AddParameter): Name = "GateName_1"; Value = "G$1"; VariantName = "[No Variations]"
Add component (AddParameter): Name = "LibraryName"; Value = "SmartPrj"; VariantName = "[No Variations]"
Add component (AddParameter): Name = "SymbolName_1"; Value = "TP-SP"; VariantName = "[No Variations]"
Added Component: Designator=TP_A?(TP-SP)
Add component (AddParameter): Name = "DeviceName"; Value = ""; VariantName = "[No Variations]"
Add component (AddParameter): Name = "DeviceSetName"; Value = "TP_SP"; VariantName = "[No Variations]"
Add component (AddParameter): Name = "GateName_1"; Value = "G$1"; VariantName = "[No Variations]"
Add component (AddParameter): Name = "LibraryName"; Value = "SmartPrj"; VariantName = "[No Variations]"
Add component (AddParameter): Name = "SymbolName_1"; Value = "TP-SP"; VariantName = "[No Variations]"
Added Component: Designator=TP_A?(TP-SP)
Add component (AddParameter): Name = "DeviceName"; Value = ""; VariantName = "[No Variations]"
Add component (AddParameter): Name = "DeviceSetName"; Value = "TP_SP"; VariantName = "[No Variations]"
Add component (AddParameter): Name = "GateName_1"; Value = "G$1"; VariantName = "[No Variations]"
Add component (AddParameter): Name = "LibraryName"; Value = "SmartPrj"; VariantName = "[No Variations]"
Add component (AddParameter): Name = "SymbolName_1"; Value = "TP-SP"; VariantName = "[No Variations]"
Added Component: Designator=TP_A?(TP-SP)
Add component (AddParameter): Name = "DeviceName"; Value = ""; VariantName = "[No Variations]"
Add component (AddParameter): Name = "DeviceSetName"; Value = "TP_SP"; VariantName = "[No Variations]"
Add component (AddParameter): Name = "GateName_1"; Value = "G$1"; VariantName = "[No Variations]"
Add component (AddParameter): Name = "LibraryName"; Value = "SmartPrj"; VariantName = "[No Variations]"
Add component (AddParameter): Name = "SymbolName_1"; Value = "TP-SP"; VariantName = "[No Variations]"
Added Component: Designator=TP_AREF?(TP-SP)
Add component (AddParameter): Name = "DeviceName"; Value = ""; VariantName = "[No Variations]"
Add component (AddParameter): Name = "DeviceSetName"; Value = "TP_SP"; VariantName = "[No Variations]"
Add component (AddParameter): Name = "GateName_1"; Value = "G$1"; VariantName = "[No Variations]"
Add component (AddParameter): Name = "LibraryName"; Value = "SmartPrj"; VariantName = "[No Variations]"
Add component (AddParameter): Name = "SymbolName_1"; Value = "TP-SP"; VariantName = "[No Variations]"
Added Component: Designator=TP_CMP?(TP-SP)
Add component (AddParameter): Name = "DeviceName"; Value = ""; VariantName = "[No Variations]"
Add component (AddParameter): Name = "DeviceSetName"; Value = "TP_SP"; VariantName = "[No Variations]"
Add component (AddParameter): Name = "GateName_1"; Value = "G$1"; VariantName = "[No Variations]"
Add component (AddParameter): Name = "LibraryName"; Value = "SmartPrj"; VariantName = "[No Variations]"
Add component (AddParameter): Name = "SymbolName_1"; Value = "TP-SP"; VariantName = "[No Variations]"
Added Component: Designator=TP_D-?(TP-SP)
Add component (AddParameter): Name = "DeviceName"; Value = ""; VariantName = "[No Variations]"
Add component (AddParameter): Name = "DeviceSetName"; Value = "TP_SP"; VariantName = "[No Variations]"
Add component (AddParameter): Name = "GateName_1"; Value = "G$1"; VariantName = "[No Variations]"
Add component (AddParameter): Name = "LibraryName"; Value = "SmartPrj"; VariantName = "[No Variations]"
Add component (AddParameter): Name = "SymbolName_1"; Value = "TP-SP"; VariantName = "[No Variations]"
Added Component: Designator=TP_D+?(TP-SP)
Add component (AddParameter): Name = "DeviceName"; Value = ""; VariantName = "[No Variations]"
Add component (AddParameter): Name = "DeviceSetName"; Value = "TP_SP"; VariantName = "[No Variations]"
Add component (AddParameter): Name = "GateName_1"; Value = "G$1"; VariantName = "[No Variations]"
Add component (AddParameter): Name = "LibraryName"; Value = "SmartPrj"; VariantName = "[No Variations]"
Add component (AddParameter): Name = "SymbolName_1"; Value = "TP-SP"; VariantName = "[No Variations]"
Added Component: Designator=TP_DTR?(TP-SP)
Add component (AddParameter): Name = "DeviceName"; Value = ""; VariantName = "[No Variations]"
Add component (AddParameter): Name = "DeviceSetName"; Value = "TP_SP"; VariantName = "[No Variations]"
Add component (AddParameter): Name = "GateName_1"; Value = "G$1"; VariantName = "[No Variations]"
Add component (AddParameter): Name = "LibraryName"; Value = "SmartPrj"; VariantName = "[No Variations]"
Add component (AddParameter): Name = "SymbolName_1"; Value = "TP-SP"; VariantName = "[No Variations]"
Added Component: Designator=TP_GATE?(TP-SP)
Add component (AddParameter): Name = "DeviceName"; Value = ""; VariantName = "[No Variations]"
Add component (AddParameter): Name = "DeviceSetName"; Value = "TP_SP"; VariantName = "[No Variations]"
Add component (AddParameter): Name = "GateName_1"; Value = "G$1"; VariantName = "[No Variations]"
Add component (AddParameter): Name = "LibraryName"; Value = "SmartPrj"; VariantName = "[No Variations]"
Add component (AddParameter): Name = "SymbolName_1"; Value = "TP-SP"; VariantName = "[No Variations]"
Added Component: Designator=TP_LCMD?(TP-SP)
Add component (AddParameter): Name = "DeviceName"; Value = ""; VariantName = "[No Variations]"
Add component (AddParameter): Name = "DeviceSetName"; Value = "TP_SP"; VariantName = "[No Variations]"
Add component (AddParameter): Name = "GateName_1"; Value = "G$1"; VariantName = "[No Variations]"
Add component (AddParameter): Name = "LibraryName"; Value = "SmartPrj"; VariantName = "[No Variations]"
Add component (AddParameter): Name = "SymbolName_1"; Value = "TP-SP"; VariantName = "[No Variations]"
Added Component: Designator=TP_LL?(TP-SP)
Add component (AddParameter): Name = "DeviceName"; Value = ""; VariantName = "[No Variations]"
Add component (AddParameter): Name = "DeviceSetName"; Value = "TP_SP"; VariantName = "[No Variations]"
Add component (AddParameter): Name = "GateName_1"; Value = "G$1"; VariantName = "[No Variations]"
Add component (AddParameter): Name = "LibraryName"; Value = "SmartPrj"; VariantName = "[No Variations]"
Add component (AddParameter): Name = "SymbolName_1"; Value = "TP-SP"; VariantName = "[No Variations]"
Added Component: Designator=TP_MISO?(TP-SP)
Add component (AddParameter): Name = "DeviceName"; Value = ""; VariantName = "[No Variations]"
Add component (AddParameter): Name = "DeviceSetName"; Value = "TP_SP"; VariantName = "[No Variations]"
Add component (AddParameter): Name = "GateName_1"; Value = "G$1"; VariantName = "[No Variations]"
Add component (AddParameter): Name = "LibraryName"; Value = "SmartPrj"; VariantName = "[No Variations]"
Add component (AddParameter): Name = "SymbolName_1"; Value = "TP-SP"; VariantName = "[No Variations]"
Added Component: Designator=TP_MOSI?(TP-SP)
Add component (AddParameter): Name = "DeviceName"; Value = ""; VariantName = "[No Variations]"
Add component (AddParameter): Name = "DeviceSetName"; Value = "TP_SP"; VariantName = "[No Variations]"
Add component (AddParameter): Name = "GateName_1"; Value = "G$1"; VariantName = "[No Variations]"
Add component (AddParameter): Name = "LibraryName"; Value = "SmartPrj"; VariantName = "[No Variations]"
Add component (AddParameter): Name = "SymbolName_1"; Value = "TP-SP"; VariantName = "[No Variations]"
Added Component: Designator=TP_ONL?(TP-SP)
Add component (AddParameter): Name = "DeviceName"; Value = ""; VariantName = "[No Variations]"
Add component (AddParameter): Name = "DeviceSetName"; Value = "TP_SP"; VariantName = "[No Variations]"
Add component (AddParameter): Name = "GateName_1"; Value = "G$1"; VariantName = "[No Variations]"
Add component (AddParameter): Name = "LibraryName"; Value = "SmartPrj"; VariantName = "[No Variations]"
Add component (AddParameter): Name = "SymbolName_1"; Value = "TP-SP"; VariantName = "[No Variations]"
Added Component: Designator=TP_PB?(TP-SP)
Add component (AddParameter): Name = "DeviceName"; Value = ""; VariantName = "[No Variations]"
Add component (AddParameter): Name = "DeviceSetName"; Value = "TP_SP"; VariantName = "[No Variations]"
Add component (AddParameter): Name = "GateName_1"; Value = "G$1"; VariantName = "[No Variations]"
Add component (AddParameter): Name = "LibraryName"; Value = "SmartPrj"; VariantName = "[No Variations]"
Add component (AddParameter): Name = "SymbolName_1"; Value = "TP-SP"; VariantName = "[No Variations]"
Added Component: Designator=TP_PB?(TP-SP)
Add component (AddParameter): Name = "DeviceName"; Value = ""; VariantName = "[No Variations]"
Add component (AddParameter): Name = "DeviceSetName"; Value = "TP_SP"; VariantName = "[No Variations]"
Add component (AddParameter): Name = "GateName_1"; Value = "G$1"; VariantName = "[No Variations]"
Add component (AddParameter): Name = "LibraryName"; Value = "SmartPrj"; VariantName = "[No Variations]"
Add component (AddParameter): Name = "SymbolName_1"; Value = "TP-SP"; VariantName = "[No Variations]"
Added Component: Designator=TP_PB?(TP-SP)
Add component (AddParameter): Name = "DeviceName"; Value = ""; VariantName = "[No Variations]"
Add component (AddParameter): Name = "DeviceSetName"; Value = "TP_SP"; VariantName = "[No Variations]"
Add component (AddParameter): Name = "GateName_1"; Value = "G$1"; VariantName = "[No Variations]"
Add component (AddParameter): Name = "LibraryName"; Value = "SmartPrj"; VariantName = "[No Variations]"
Add component (AddParameter): Name = "SymbolName_1"; Value = "TP-SP"; VariantName = "[No Variations]"
Added Component: Designator=TP_PB?(TP-SP)
Add component (AddParameter): Name = "DeviceName"; Value = ""; VariantName = "[No Variations]"
Add component (AddParameter): Name = "DeviceSetName"; Value = "TP_SP"; VariantName = "[No Variations]"
Add component (AddParameter): Name = "GateName_1"; Value = "G$1"; VariantName = "[No Variations]"
Add component (AddParameter): Name = "LibraryName"; Value = "SmartPrj"; VariantName = "[No Variations]"
Add component (AddParameter): Name = "SymbolName_1"; Value = "TP-SP"; VariantName = "[No Variations]"
Added Component: Designator=TP_PWRIN?(TP-SP)
Add component (AddParameter): Name = "DeviceName"; Value = ""; VariantName = "[No Variations]"
Add component (AddParameter): Name = "DeviceSetName"; Value = "TP_SP"; VariantName = "[No Variations]"
Add component (AddParameter): Name = "GateName_1"; Value = "G$1"; VariantName = "[No Variations]"
Add component (AddParameter): Name = "LibraryName"; Value = "SmartPrj"; VariantName = "[No Variations]"
Add component (AddParameter): Name = "SymbolName_1"; Value = "TP-SP"; VariantName = "[No Variations]"
Added Component: Designator=TP_RESET?(TP-SP)
Add component (AddParameter): Name = "DeviceName"; Value = ""; VariantName = "[No Variations]"
Add component (AddParameter): Name = "DeviceSetName"; Value = "TP_SP"; VariantName = "[No Variations]"
Add component (AddParameter): Name = "GateName_1"; Value = "G$1"; VariantName = "[No Variations]"
Add component (AddParameter): Name = "LibraryName"; Value = "SmartPrj"; VariantName = "[No Variations]"
Add component (AddParameter): Name = "SymbolName_1"; Value = "TP-SP"; VariantName = "[No Variations]"
Added Component: Designator=TP_RESET?(TP-SP)
Add component (AddParameter): Name = "DeviceName"; Value = ""; VariantName = "[No Variations]"
Add component (AddParameter): Name = "DeviceSetName"; Value = "TP_SP"; VariantName = "[No Variations]"
Add component (AddParameter): Name = "GateName_1"; Value = "G$1"; VariantName = "[No Variations]"
Add component (AddParameter): Name = "LibraryName"; Value = "SmartPrj"; VariantName = "[No Variations]"
Add component (AddParameter): Name = "SymbolName_1"; Value = "TP-SP"; VariantName = "[No Variations]"
Added Component: Designator=TP_RX?(TP-SP)
Add component (AddParameter): Name = "DeviceName"; Value = ""; VariantName = "[No Variations]"
Add component (AddParameter): Name = "DeviceSetName"; Value = "TP_SP"; VariantName = "[No Variations]"
Add component (AddParameter): Name = "GateName_1"; Value = "G$1"; VariantName = "[No Variations]"
Add component (AddParameter): Name = "LibraryName"; Value = "SmartPrj"; VariantName = "[No Variations]"
Add component (AddParameter): Name = "SymbolName_1"; Value = "TP-SP"; VariantName = "[No Variations]"
Added Component: Designator=TP_RXL?(TP-SP)
Add component (AddParameter): Name = "DeviceName"; Value = ""; VariantName = "[No Variations]"
Add component (AddParameter): Name = "DeviceSetName"; Value = "TP_SP"; VariantName = "[No Variations]"
Add component (AddParameter): Name = "GateName_1"; Value = "G$1"; VariantName = "[No Variations]"
Add component (AddParameter): Name = "LibraryName"; Value = "SmartPrj"; VariantName = "[No Variations]"
Add component (AddParameter): Name = "SymbolName_1"; Value = "TP-SP"; VariantName = "[No Variations]"
Added Component: Designator=TP_SCK?(TP-SP)
Add component (AddParameter): Name = "DeviceName"; Value = ""; VariantName = "[No Variations]"
Add component (AddParameter): Name = "DeviceSetName"; Value = "TP_SP"; VariantName = "[No Variations]"
Add component (AddParameter): Name = "GateName_1"; Value = "G$1"; VariantName = "[No Variations]"
Add component (AddParameter): Name = "LibraryName"; Value = "SmartPrj"; VariantName = "[No Variations]"
Add component (AddParameter): Name = "SymbolName_1"; Value = "TP-SP"; VariantName = "[No Variations]"
Added Component: Designator=TP_SCL?(TP-SP)
Add component (AddParameter): Name = "DeviceName"; Value = ""; VariantName = "[No Variations]"
Add component (AddParameter): Name = "DeviceSetName"; Value = "TP_SP"; VariantName = "[No Variations]"
Add component (AddParameter): Name = "GateName_1"; Value = "G$1"; VariantName = "[No Variations]"
Add component (AddParameter): Name = "LibraryName"; Value = "SmartPrj"; VariantName = "[No Variations]"
Add component (AddParameter): Name = "SymbolName_1"; Value = "TP-SP"; VariantName = "[No Variations]"
Added Component: Designator=TP_SDA?(TP-SP)
Add component (AddParameter): Name = "DeviceName"; Value = ""; VariantName = "[No Variations]"
Add component (AddParameter): Name = "DeviceSetName"; Value = "TP_SP"; VariantName = "[No Variations]"
Add component (AddParameter): Name = "GateName_1"; Value = "G$1"; VariantName = "[No Variations]"
Add component (AddParameter): Name = "LibraryName"; Value = "SmartPrj"; VariantName = "[No Variations]"
Add component (AddParameter): Name = "SymbolName_1"; Value = "TP-SP"; VariantName = "[No Variations]"
Added Component: Designator=TP_TX?(TP-SP)
Add component (AddParameter): Name = "DeviceName"; Value = ""; VariantName = "[No Variations]"
Add component (AddParameter): Name = "DeviceSetName"; Value = "TP_SP"; VariantName = "[No Variations]"
Add component (AddParameter): Name = "GateName_1"; Value = "G$1"; VariantName = "[No Variations]"
Add component (AddParameter): Name = "LibraryName"; Value = "SmartPrj"; VariantName = "[No Variations]"
Add component (AddParameter): Name = "SymbolName_1"; Value = "TP-SP"; VariantName = "[No Variations]"
Added Component: Designator=TP_TXL?(TP-SP)
Add component (AddParameter): Name = "DeviceName"; Value = ""; VariantName = "[No Variations]"
Add component (AddParameter): Name = "DeviceSetName"; Value = "TP_SP"; VariantName = "[No Variations]"
Add component (AddParameter): Name = "GateName_1"; Value = "G$1"; VariantName = "[No Variations]"
Add component (AddParameter): Name = "LibraryName"; Value = "SmartPrj"; VariantName = "[No Variations]"
Add component (AddParameter): Name = "SymbolName_1"; Value = "TP-SP"; VariantName = "[No Variations]"
Added Component: Designator=TP_UGND?(TP-SP)
Add component (AddParameter): Name = "DeviceName"; Value = ""; VariantName = "[No Variations]"
Add component (AddParameter): Name = "DeviceSetName"; Value = "TP_SP"; VariantName = "[No Variations]"
Add component (AddParameter): Name = "GateName_1"; Value = "G$1"; VariantName = "[No Variations]"
Add component (AddParameter): Name = "LibraryName"; Value = "SmartPrj"; VariantName = "[No Variations]"
Add component (AddParameter): Name = "SymbolName_1"; Value = "TP-SP"; VariantName = "[No Variations]"
Added Component: Designator=TP_USBVCC?(TP-SP)
Add component (AddParameter): Name = "DeviceName"; Value = ""; VariantName = "[No Variations]"
Add component (AddParameter): Name = "DeviceSetName"; Value = "TP_SP"; VariantName = "[No Variations]"
Add component (AddParameter): Name = "GateName_1"; Value = "G$1"; VariantName = "[No Variations]"
Add component (AddParameter): Name = "LibraryName"; Value = "SmartPrj"; VariantName = "[No Variations]"
Add component (AddParameter): Name = "SymbolName_1"; Value = "TP-SP"; VariantName = "[No Variations]"
Added Component: Designator=TP_USH?(TP-SP)
Add component (AddParameter): Name = "DeviceName"; Value = ""; VariantName = "[No Variations]"
Add component (AddParameter): Name = "DeviceSetName"; Value = "TP_SP"; VariantName = "[No Variations]"
Add component (AddParameter): Name = "GateName_1"; Value = "G$1"; VariantName = "[No Variations]"
Add component (AddParameter): Name = "LibraryName"; Value = "SmartPrj"; VariantName = "[No Variations]"
Add component (AddParameter): Name = "SymbolName_1"; Value = "TP-SP"; VariantName = "[No Variations]"
Added Component: Designator=TP_VIN?(TP-SP)
Add component (AddParameter): Name = "DeviceName"; Value = ""; VariantName = "[No Variations]"
Add component (AddParameter): Name = "DeviceSetName"; Value = "TP_SP"; VariantName = "[No Variations]"
Add component (AddParameter): Name = "GateName_1"; Value = "G$1"; VariantName = "[No Variations]"
Add component (AddParameter): Name = "LibraryName"; Value = "SmartPrj"; VariantName = "[No Variations]"
Add component (AddParameter): Name = "SymbolName_1"; Value = "TP-SP"; VariantName = "[No Variations]"
Added Component: Designator=TP_VUCAP?(TP-SP)
Add component (AddParameter): Name = "DeviceName"; Value = ""; VariantName = "[No Variations]"
Add component (AddParameter): Name = "DeviceSetName"; Value = "TP_SP"; VariantName = "[No Variations]"
Add component (AddParameter): Name = "GateName_1"; Value = "G$1"; VariantName = "[No Variations]"
Add component (AddParameter): Name = "LibraryName"; Value = "SmartPrj"; VariantName = "[No Variations]"
Add component (AddParameter): Name = "SymbolName_1"; Value = "TP-SP"; VariantName = "[No Variations]"
Added Component: Designator=TP_XT?(TP-SP)
Add component (AddParameter): Name = "DeviceName"; Value = ""; VariantName = "[No Variations]"
Add component (AddParameter): Name = "DeviceSetName"; Value = "TP_SP"; VariantName = "[No Variations]"
Add component (AddParameter): Name = "GateName_1"; Value = "G$1"; VariantName = "[No Variations]"
Add component (AddParameter): Name = "LibraryName"; Value = "SmartPrj"; VariantName = "[No Variations]"
Add component (AddParameter): Name = "SymbolName_1"; Value = "TP-SP"; VariantName = "[No Variations]"
Added Component: Designator=TP_XT?(TP-SP)
Add component (AddParameter): Name = "DeviceName"; Value = ""; VariantName = "[No Variations]"
Add component (AddParameter): Name = "DeviceSetName"; Value = "TP_SP"; VariantName = "[No Variations]"
Add component (AddParameter): Name = "GateName_1"; Value = "G$1"; VariantName = "[No Variations]"
Add component (AddParameter): Name = "LibraryName"; Value = "SmartPrj"; VariantName = "[No Variations]"
Add component (AddParameter): Name = "SymbolName_1"; Value = "TP-SP"; VariantName = "[No Variations]"
Added Component: Designator=TP_XT?(TP-SP)
Add component (AddParameter): Name = "DeviceName"; Value = ""; VariantName = "[No Variations]"
Add component (AddParameter): Name = "DeviceSetName"; Value = "TP_SP"; VariantName = "[No Variations]"
Add component (AddParameter): Name = "GateName_1"; Value = "G$1"; VariantName = "[No Variations]"
Add component (AddParameter): Name = "LibraryName"; Value = "SmartPrj"; VariantName = "[No Variations]"
Add component (AddParameter): Name = "SymbolName_1"; Value = "TP-SP"; VariantName = "[No Variations]"
Added Component: Designator=TP_XT?(TP-SP)
Add component (AddParameter): Name = "DeviceName"; Value = ""; VariantName = "[No Variations]"
Add component (AddParameter): Name = "DeviceSetName"; Value = "TP_SP"; VariantName = "[No Variations]"
Add component (AddParameter): Name = "GateName_1"; Value = "G$1"; VariantName = "[No Variations]"
Add component (AddParameter): Name = "LibraryName"; Value = "SmartPrj"; VariantName = "[No Variations]"
Add component (AddParameter): Name = "SymbolName_1"; Value = "TP-SP"; VariantName = "[No Variations]"
Added Component: Designator=TP_XUSB?(TP-SP)
Add component (AddParameter): Name = "DeviceName"; Value = ""; VariantName = "[No Variations]"
Add component (AddParameter): Name = "DeviceSetName"; Value = "TP_SP"; VariantName = "[No Variations]"
Add component (AddParameter): Name = "GateName_1"; Value = "G$1"; VariantName = "[No Variations]"
Add component (AddParameter): Name = "LibraryName"; Value = "SmartPrj"; VariantName = "[No Variations]"
Add component (AddParameter): Name = "SymbolName_1"; Value = "TP-SP"; VariantName = "[No Variations]"
Added Component: Designator=TX?(CHIP-LED0805)
Add component (AddParameter): Name = "DeviceName"; Value = "CHIP-LED0805"; VariantName = "[No Variations]"
Add component (AddParameter): Name = "DeviceSetName"; Value = "LED"; VariantName = "[No Variations]"
Add component (AddParameter): Name = "GateName_1"; Value = "G$1"; VariantName = "[No Variations]"
Add component (AddParameter): Name = "LibraryName"; Value = "led"; VariantName = "[No Variations]"
Add component (AddParameter): Name = "SymbolName_1"; Value = "LED"; VariantName = "[No Variations]"
Added Component: Designator=U?(MLF32)
Add component (AddParameter): Name = "DeviceName"; Value = "MU"; VariantName = "[No Variations]"
Add component (AddParameter): Name = "DeviceSetName"; Value = "ATMEGA16U2-"; VariantName = "[No Variations]"
Add component (AddParameter): Name = "GateName_1"; Value = "G$1"; VariantName = "[No Variations]"
Add component (AddParameter): Name = "LibraryName"; Value = "SmartPrj"; VariantName = "[No Variations]"
Add component (AddParameter): Name = "SymbolName_1"; Value = "ATMEL_MEGA8U2"; VariantName = "[No Variations]"
Added Component: Designator=U?(MSOP08)
Add component (AddParameter): Name = "DeviceName"; Value = "MM"; VariantName = "[No Variations]"
Add component (AddParameter): Name = "DeviceSetName"; Value = "LMV358?*"; VariantName = "[No Variations]"
Add component (AddParameter): Name = "GateName_1"; Value = "A"; VariantName = "[No Variations]"
Add component (AddParameter): Name = "GateName_2"; Value = "B"; VariantName = "[No Variations]"
Add component (AddParameter): Name = "GateName_3"; Value = "P"; VariantName = "[No Variations]"
Add component (AddParameter): Name = "LibraryName"; Value = "linear"; VariantName = "[No Variations]"
Add component (AddParameter): Name = "SymbolName_1"; Value = "OPAMP"; VariantName = "[No Variations]"
Add component (AddParameter): Name = "SymbolName_2"; Value = "OPAMP"; VariantName = "[No Variations]"
Add component (AddParameter): Name = "SymbolName_3"; Value = "PWR+-"; VariantName = "[No Variations]"
Add component (AddParameter): Name = "V+"; Value = "V+"; VariantName = "[No Variations]"
Add component (AddParameter): Name = "V-"; Value = "V-"; VariantName = "[No Variations]"
Added Component: Designator=U?(MSOP08)
Add component (AddParameter): Name = "DeviceName"; Value = "MM"; VariantName = "[No Variations]"
Add component (AddParameter): Name = "DeviceSetName"; Value = "LMV358?*"; VariantName = "[No Variations]"
Add component (AddParameter): Name = "GateName_1"; Value = "A"; VariantName = "[No Variations]"
Add component (AddParameter): Name = "GateName_2"; Value = "B"; VariantName = "[No Variations]"
Add component (AddParameter): Name = "GateName_3"; Value = "P"; VariantName = "[No Variations]"
Add component (AddParameter): Name = "LibraryName"; Value = "linear"; VariantName = "[No Variations]"
Add component (AddParameter): Name = "SymbolName_1"; Value = "OPAMP"; VariantName = "[No Variations]"
Add component (AddParameter): Name = "SymbolName_2"; Value = "OPAMP"; VariantName = "[No Variations]"
Add component (AddParameter): Name = "SymbolName_3"; Value = "PWR+-"; VariantName = "[No Variations]"
Added Component: Designator=U?(MSOP08)
Add component (AddParameter): Name = "DeviceName"; Value = "MM"; VariantName = "[No Variations]"
Add component (AddParameter): Name = "DeviceSetName"; Value = "LMV358?*"; VariantName = "[No Variations]"
Add component (AddParameter): Name = "GateName_1"; Value = "A"; VariantName = "[No Variations]"
Add component (AddParameter): Name = "GateName_2"; Value = "B"; VariantName = "[No Variations]"
Add component (AddParameter): Name = "GateName_3"; Value = "P"; VariantName = "[No Variations]"
Add component (AddParameter): Name = "LibraryName"; Value = "linear"; VariantName = "[No Variations]"
Add component (AddParameter): Name = "SymbolName_1"; Value = "OPAMP"; VariantName = "[No Variations]"
Add component (AddParameter): Name = "SymbolName_2"; Value = "OPAMP"; VariantName = "[No Variations]"
Add component (AddParameter): Name = "SymbolName_3"; Value = "PWR+-"; VariantName = "[No Variations]"
Added Component: Designator=U?(SOT23-DBV)
Add component (AddParameter): Name = "DeviceName"; Value = ""; VariantName = "[No Variations]"
Add component (AddParameter): Name = "DeviceSetName"; Value = "LP2985-XXDBVR"; VariantName = "[No Variations]"
Add component (AddParameter): Name = "GateName_1"; Value = "G$1"; VariantName = "[No Variations]"
Add component (AddParameter): Name = "LibraryName"; Value = "SmartPrj"; VariantName = "[No Variations]"
Add component (AddParameter): Name = "SymbolName_1"; Value = "LP2985-XXDBVR"; VariantName = "[No Variations]"
Added Component: Designator=U?(SOT223)
Add component (AddParameter): Name = "DeviceName"; Value = ""; VariantName = "[No Variations]"
Add component (AddParameter): Name = "DeviceSetName"; Value = "MC33269ST*"; VariantName = "[No Variations]"
Add component (AddParameter): Name = "GateName_1"; Value = "G$1"; VariantName = "[No Variations]"
Add component (AddParameter): Name = "LibraryName"; Value = "linear"; VariantName = "[No Variations]"
Add component (AddParameter): Name = "SymbolName_1"; Value = "VREG-O2"; VariantName = "[No Variations]"
Added Component: Designator=X?(POWERSUPPLY_DC-21MM)
Add component (AddParameter): Name = "DeviceName"; Value = "X"; VariantName = "[No Variations]"
Add component (AddParameter): Name = "DeviceSetName"; Value = "POWERSUPPLY_DC21MM"; VariantName = "[No Variations]"
Add component (AddParameter): Name = "GateName_1"; Value = "G$1"; VariantName = "[No Variations]"
Add component (AddParameter): Name = "LibraryName"; Value = "SmartPrj"; VariantName = "[No Variations]"
Add component (AddParameter): Name = "SymbolName_1"; Value = "POWERSUPPLY_DC21PWR"; VariantName = "[No Variations]"
Added Component: Designator=X?(PN61729)
Add component (AddParameter): Name = "DeviceName"; Value = ""; VariantName = "[No Variations]"
Add component (AddParameter): Name = "DeviceSetName"; Value = "PN61729"; VariantName = "[No Variations]"
Add component (AddParameter): Name = "GateName_1"; Value = "G$1"; VariantName = "[No Variations]"
Add component (AddParameter): Name = "LibraryName"; Value = "SmartPrj"; VariantName = "[No Variations]"
Add component (AddParameter): Name = "SymbolName_1"; Value = "J11"; VariantName = "[No Variations]"
Add component (AddParameter): Name = "USB"; Value = "USB"; VariantName = "[No Variations]"
Added Component: Designator=Y?(QS)
Add component (AddParameter): Name = "DeviceName"; Value = ""; VariantName = "[No Variations]"
Add component (AddParameter): Name = "DeviceSetName"; Value = "XTAL/S"; VariantName = "[No Variations]"
Add component (AddParameter): Name = "GateName_1"; Value = "G$1"; VariantName = "[No Variations]"
Add component (AddParameter): Name = "LibraryName"; Value = "SmartPrj"; VariantName = "[No Variations]"
Add component (AddParameter): Name = "SymbolName_1"; Value = "XTAL"; VariantName = "[No Variations]"
Added Component: Designator=Y?(RESONATOR)
Add component (AddParameter): Name = "DeviceName"; Value = "MU"; VariantName = "[No Variations]"
Add component (AddParameter): Name = "DeviceSetName"; Value = "RESONATOR"; VariantName = "[No Variations]"
Add component (AddParameter): Name = "GateName_1"; Value = "G$1"; VariantName = "[No Variations]"
Add component (AddParameter): Name = "LibraryName"; Value = "SmartPrj"; VariantName = "[No Variations]"
Add component (AddParameter): Name = "SymbolName_1"; Value = "RESONATOR"; VariantName = "[No Variations]"
Added Component: Designator=Z?(CT/CN0603)
Add component (AddParameter): Name = "DeviceName"; Value = "CN0603"; VariantName = "[No Variations]"
Add component (AddParameter): Name = "DeviceSetName"; Value = "VARISTOR"; VariantName = "[No Variations]"
Add component (AddParameter): Name = "GateName_1"; Value = "G$1"; VariantName = "[No Variations]"
Add component (AddParameter): Name = "LibraryName"; Value = "varistor"; VariantName = "[No Variations]"
Add component (AddParameter): Name = "SymbolName_1"; Value = "VARISTOR"; VariantName = "[No Variations]"
Added Component: Designator=Z?(CT/CN0603)
Add component (AddParameter): Name = "DeviceName"; Value = "CN0603"; VariantName = "[No Variations]"
Add component (AddParameter): Name = "DeviceSetName"; Value = "VARISTOR"; VariantName = "[No Variations]"
Add component (AddParameter): Name = "GateName_1"; Value = "G$1"; VariantName = "[No Variations]"
Add component (AddParameter): Name = "LibraryName"; Value = "varistor"; VariantName = "[No Variations]"
Add component (AddParameter): Name = "SymbolName_1"; Value = "VARISTOR"; VariantName = "[No Variations]"
Added Component: Designator=ZU?(DIL28-3)
Add component (AddParameter): Name = "DeviceName"; Value = "PU"; VariantName = "[No Variations]"
Add component (AddParameter): Name = "DeviceSetName"; Value = "ATMEGA328P-"; VariantName = "[No Variations]"
Add component (AddParameter): Name = "GateName_1"; Value = "G$1"; VariantName = "[No Variations]"
Add component (AddParameter): Name = "LibraryName"; Value = "SmartPrj"; VariantName = "[No Variations]"
Add component (AddParameter): Name = "SymbolName_1"; Value = "20-I/O-2"; VariantName = "[No Variations]"
Added Pin To Net: NetName=+3V3 Pin=C?-2
Added Pin To Net: NetName=+3V3 Pin=POWER?-4
Added Pin To Net: NetName=+3V3 Pin=TP_?-X
Added Pin To Net: NetName=+3V3 Pin=U?-2
Added Pin To Net: NetName=+3V3 Pin=U?-5
Added Net: Name=+3V3
Added Pin To Net: NetName=+5V Pin=C?-1
Added Pin To Net: NetName=+5V Pin=C?-2
Added Pin To Net: NetName=+5V Pin=C?-2
Added Pin To Net: NetName=+5V Pin=C?-2
Added Pin To Net: NetName=+5V Pin=D?-C
Added Pin To Net: NetName=+5V Pin=D?-C
Added Pin To Net: NetName=+5V Pin=ICSP?-2
Added Pin To Net: NetName=+5V Pin=ICSP?-2
Added Pin To Net: NetName=+5V Pin=L?-1
Added Pin To Net: NetName=+5V Pin=PC?-+
Added Pin To Net: NetName=+5V Pin=POWER?-2
Added Pin To Net: NetName=+5V Pin=POWER?-5
Added Pin To Net: NetName=+5V Pin=RN?-2
Added Pin To Net: NetName=+5V Pin=RN?-3
Added Pin To Net: NetName=+5V Pin=RN?-3
Added Pin To Net: NetName=+5V Pin=RN?-3
Added Pin To Net: NetName=+5V Pin=RN?-4
Added Pin To Net: NetName=+5V Pin=RN?-5
Added Pin To Net: NetName=+5V Pin=T?-2
Added Pin To Net: NetName=+5V Pin=TP_?-X
Added Pin To Net: NetName=+5V Pin=TP_?-X
Added Pin To Net: NetName=+5V Pin=U?-1
Added Pin To Net: NetName=+5V Pin=U?-2
Added Pin To Net: NetName=+5V Pin=U?-3
Added Pin To Net: NetName=+5V Pin=U?-4
Added Pin To Net: NetName=+5V Pin=U?-4
Added Pin To Net: NetName=+5V Pin=U?-8
Added Pin To Net: NetName=+5V Pin=U?-32
Added Pin To Net: NetName=+5V Pin=ZU?-7
Added Net: Name=+5V
Added Pin To Net: NetName=AD0 Pin=AD?-1
Added Pin To Net: NetName=AD0 Pin=TP_A?-X
Added Pin To Net: NetName=AD0 Pin=ZU?-23
Added Net: Name=AD0
Added Pin To Net: NetName=AD1 Pin=AD?-2
Added Pin To Net: NetName=AD1 Pin=TP_A?-X
Added Pin To Net: NetName=AD1 Pin=ZU?-24
Added Net: Name=AD1
Added Pin To Net: NetName=AD2 Pin=AD?-3
Added Pin To Net: NetName=AD2 Pin=TP_A?-X
Added Pin To Net: NetName=AD2 Pin=ZU?-25
Added Net: Name=AD2
Added Pin To Net: NetName=AD3 Pin=AD?-4
Added Pin To Net: NetName=AD3 Pin=TP_A?-X
Added Pin To Net: NetName=AD3 Pin=ZU?-26
Added Net: Name=AD3
Added Pin To Net: NetName=AD4/SDA Pin=AD?-5
Added Pin To Net: NetName=AD4/SDA Pin=IOH?-9
Added Pin To Net: NetName=AD4/SDA Pin=TP_A?-X
Added Pin To Net: NetName=AD4/SDA Pin=TP_SDA?-X
Added Pin To Net: NetName=AD4/SDA Pin=ZU?-27
Added Net: Name=AD4/SDA
Added Pin To Net: NetName=AD5/SCL Pin=AD?-6
Added Pin To Net: NetName=AD5/SCL Pin=IOH?-10
Added Pin To Net: NetName=AD5/SCL Pin=TP_A?-X
Added Pin To Net: NetName=AD5/SCL Pin=TP_SCL?-X
Added Pin To Net: NetName=AD5/SCL Pin=ZU?-28
Added Net: Name=AD5/SCL
Added Pin To Net: NetName=AREF Pin=C?-2
Added Pin To Net: NetName=AREF Pin=IOH?-8
Added Pin To Net: NetName=AREF Pin=TP_AREF?-X
Added Pin To Net: NetName=AREF Pin=ZU?-21
Added Net: Name=AREF
Added Pin To Net: NetName=AVCC Pin=C?-2
Added Pin To Net: NetName=AVCC Pin=L?-2
Added Pin To Net: NetName=AVCC Pin=ZU?-20
Added Net: Name=AVCC
Added Pin To Net: NetName=CMP Pin=RN?-1
Added Pin To Net: NetName=CMP Pin=RN?-2
Added Pin To Net: NetName=CMP Pin=TP_CMP?-X
Added Pin To Net: NetName=CMP Pin=U?-3
Added Net: Name=CMP
Added Pin To Net: NetName=D- Pin=RN?-8
Added Pin To Net: NetName=D- Pin=TP_D-?-X
Added Pin To Net: NetName=D- Pin=X?-2
Added Pin To Net: NetName=D- Pin=Z?-1
Added Net: Name=D-
Added Pin To Net: NetName=D+ Pin=RN?-5
Added Pin To Net: NetName=D+ Pin=TP_D+?-X
Added Pin To Net: NetName=D+ Pin=X?-3
Added Pin To Net: NetName=D+ Pin=Z?-1
Added Net: Name=D+
Added Pin To Net: NetName=DTR Pin=C?-1
Added Pin To Net: NetName=DTR Pin=RN?-4
Added Pin To Net: NetName=DTR Pin=TP_DTR?-X
Added Pin To Net: NetName=DTR Pin=U?-13
Added Net: Name=DTR
Added Pin To Net: NetName=GATE_CMD Pin=T?-3
Added Pin To Net: NetName=GATE_CMD Pin=TP_GATE?-X
Added Pin To Net: NetName=GATE_CMD Pin=U?-1
Added Net: Name=GATE_CMD
Added Pin To Net: NetName=GND Pin=C?-1
Added Pin To Net: NetName=GND Pin=C?-1
Added Pin To Net: NetName=GND Pin=C?-1
Added Pin To Net: NetName=GND Pin=C?-1
Added Pin To Net: NetName=GND Pin=C?-1
Added Pin To Net: NetName=GND Pin=C?-1
Added Pin To Net: NetName=GND Pin=C?-2
Added Pin To Net: NetName=GND Pin=C?-2
Added Pin To Net: NetName=GND Pin=C?-2
Added Pin To Net: NetName=GND Pin=GROUND?-1
Added Pin To Net: NetName=GND Pin=ICSP?-6
Added Pin To Net: NetName=GND Pin=ICSP?-6
Added Pin To Net: NetName=GND Pin=IOH?-7
Added Pin To Net: NetName=GND Pin=L?-C
Added Pin To Net: NetName=GND Pin=ON?-C
Added Pin To Net: NetName=GND Pin=PC?--
Added Pin To Net: NetName=GND Pin=PC?--
Added Pin To Net: NetName=GND Pin=POWER?-6
Added Pin To Net: NetName=GND Pin=POWER?-7
Added Pin To Net: NetName=GND Pin=RESET?-1
Added Pin To Net: NetName=GND Pin=RESET?-2
Added Pin To Net: NetName=GND Pin=RN?-5
Added Pin To Net: NetName=GND Pin=RN?-7
Added Pin To Net: NetName=GND Pin=U?-1
Added Pin To Net: NetName=GND Pin=U?-2
Added Pin To Net: NetName=GND Pin=U?-3
Added Pin To Net: NetName=GND Pin=U?-4
Added Pin To Net: NetName=GND Pin=U?-33
Added Pin To Net: NetName=GND Pin=X?-1
Added Pin To Net: NetName=GND Pin=X?-3
Added Pin To Net: NetName=GND Pin=Y?-2
Added Pin To Net: NetName=GND Pin=ZU?-8
Added Pin To Net: NetName=GND Pin=ZU?-22
Added Net: Name=GND
Added Pin To Net: NetName=IO0 Pin=IOL?-1
Added Pin To Net: NetName=IO0 Pin=RN?-2
Added Pin To Net: NetName=IO0 Pin=TP_?-X
Added Pin To Net: NetName=IO0 Pin=ZU?-2
Added Net: Name=IO0
Added Pin To Net: NetName=IO1 Pin=IOL?-2
Added Pin To Net: NetName=IO1 Pin=RN?-1
Added Pin To Net: NetName=IO1 Pin=TP_?-X
Added Pin To Net: NetName=IO1 Pin=ZU?-3
Added Net: Name=IO1
Added Pin To Net: NetName=IO2 Pin=IOL?-3
Added Pin To Net: NetName=IO2 Pin=TP_?-X
Added Pin To Net: NetName=IO2 Pin=ZU?-4
Added Net: Name=IO2
Added Pin To Net: NetName=IO3 Pin=IOL?-4
Added Pin To Net: NetName=IO3 Pin=TP_?-X
Added Pin To Net: NetName=IO3 Pin=ZU?-5
Added Net: Name=IO3
Added Pin To Net: NetName=IO4 Pin=IOL?-5
Added Pin To Net: NetName=IO4 Pin=TP_?-X
Added Pin To Net: NetName=IO4 Pin=ZU?-6
Added Net: Name=IO4
Added Pin To Net: NetName=IO5 Pin=IOL?-6
Added Pin To Net: NetName=IO5 Pin=TP_?-X
Added Pin To Net: NetName=IO5 Pin=ZU?-11
Added Net: Name=IO5
Added Pin To Net: NetName=IO6 Pin=IOL?-7
Added Pin To Net: NetName=IO6 Pin=TP_?-X
Added Pin To Net: NetName=IO6 Pin=ZU?-12
Added Net: Name=IO6
Added Pin To Net: NetName=IO7 Pin=IOL?-8
Added Pin To Net: NetName=IO7 Pin=TP_?-X
Added Pin To Net: NetName=IO7 Pin=ZU?-13
Added Net: Name=IO7
Added Pin To Net: NetName=IO8 Pin=IOH?-1
Added Pin To Net: NetName=IO8 Pin=TP_?-X
Added Pin To Net: NetName=IO8 Pin=ZU?-14
Added Net: Name=IO8
Added Pin To Net: NetName=IO9 Pin=IOH?-2
Added Pin To Net: NetName=IO9 Pin=TP_?-X
Added Pin To Net: NetName=IO9 Pin=ZU?-15
Added Net: Name=IO9
Added Pin To Net: NetName=L13 Pin=RN?-8
Added Pin To Net: NetName=L13 Pin=TP_LCMD?-X
Added Pin To Net: NetName=L13 Pin=U?-6
Added Pin To Net: NetName=L13 Pin=U?-7
Added Net: Name=L13
Added Pin To Net: NetName=M8RXD Pin=RN?-7
Added Pin To Net: NetName=M8RXD Pin=TP_RX?-X
Added Pin To Net: NetName=M8RXD Pin=U?-9
Added Net: Name=M8RXD
Added Pin To Net: NetName=M8TXD Pin=RN?-8
Added Pin To Net: NetName=M8TXD Pin=TP_TX?-X
Added Pin To Net: NetName=M8TXD Pin=U?-8
Added Net: Name=M8TXD
Added Pin To Net: NetName=MISO2 Pin=ICSP?-1
Added Pin To Net: NetName=MISO2 Pin=TP_MISO?-X
Added Pin To Net: NetName=MISO2 Pin=U?-17
Added Net: Name=MISO2
Added Pin To Net: NetName=MISO Pin=ICSP?-1
Added Pin To Net: NetName=MISO Pin=IOH?-5
Added Pin To Net: NetName=MISO Pin=TP_?-X
Added Pin To Net: NetName=MISO Pin=ZU?-18
Added Net: Name=MISO
Added Pin To Net: NetName=MOSI2 Pin=ICSP?-4
Added Pin To Net: NetName=MOSI2 Pin=TP_MOSI?-X
Added Pin To Net: NetName=MOSI2 Pin=U?-16
Added Net: Name=MOSI2
Added Pin To Net: NetName=MOSI Pin=ICSP?-4
Added Pin To Net: NetName=MOSI Pin=IOH?-4
Added Pin To Net: NetName=MOSI Pin=TP_?-X
Added Pin To Net: NetName=MOSI Pin=ZU?-17
Added Net: Name=MOSI
Added Pin To Net: NetName=NetL?_A Pin=L?-A
Added Pin To Net: NetName=NetL?_A Pin=RN?-1
Added Pin To Net: NetName=NetL?_A Pin=TP_LL?-X
Added Net: Name=NetL?_A
Added Pin To Net: NetName=NetON?_A Pin=ON?-A
Added Pin To Net: NetName=NetON?_A Pin=RN?-5
Added Pin To Net: NetName=NetON?_A Pin=RN?-6
Added Pin To Net: NetName=NetON?_A Pin=TP_ONL?-X
Added Net: Name=NetON?_A
Added Pin To Net: NetName=NetRN?_6 Pin=RN?-6
Added Pin To Net: NetName=NetRN?_6 Pin=TP_TXL?-X
Added Pin To Net: NetName=NetRN?_6 Pin=TX?-A
Added Net: Name=NetRN?_6
Added Pin To Net: NetName=NetRN?_7 Pin=RN?-7
Added Pin To Net: NetName=NetRN?_7 Pin=RX?-A
Added Pin To Net: NetName=NetRN?_7 Pin=TP_RXL?-X
Added Net: Name=NetRN?_7
Added Pin To Net: NetName=NetTP_USBVCC?_X Pin=TP_USBVCC?-X
Added Pin To Net: NetName=NetTP_USBVCC?_X Pin=U?-31
Added Net: Name=NetTP_USBVCC?_X
Added Pin To Net: NetName=PB4 Pin=JP?-1
Added Pin To Net: NetName=PB4 Pin=TP_PB?-X
Added Pin To Net: NetName=PB4 Pin=U?-18
Added Net: Name=PB4
Added Pin To Net: NetName=PB5 Pin=JP?-3
Added Pin To Net: NetName=PB5 Pin=TP_PB?-X
Added Pin To Net: NetName=PB5 Pin=U?-19
Added Net: Name=PB5
Added Pin To Net: NetName=PB6 Pin=JP?-2
Added Pin To Net: NetName=PB6 Pin=TP_PB?-X
Added Pin To Net: NetName=PB6 Pin=U?-20
Added Net: Name=PB6
Added Pin To Net: NetName=PB7 Pin=JP?-4
Added Pin To Net: NetName=PB7 Pin=TP_PB?-X
Added Pin To Net: NetName=PB7 Pin=U?-21
Added Net: Name=PB7
Added Pin To Net: NetName=PWRIN Pin=D?-A
Added Pin To Net: NetName=PWRIN Pin=TP_PWRIN?-X
Added Pin To Net: NetName=PWRIN Pin=X?-2
Added Net: Name=PWRIN
Added Pin To Net: NetName=RD- Pin=RN?-1
Added Pin To Net: NetName=RD- Pin=U?-30
Added Net: Name=RD-
Added Pin To Net: NetName=RD+ Pin=RN?-4
Added Pin To Net: NetName=RD+ Pin=U?-29
Added Net: Name=RD+
Added Pin To Net: NetName=RESET2 Pin=D?-A
Added Pin To Net: NetName=RESET2 Pin=ICSP?-5
Added Pin To Net: NetName=RESET2 Pin=RN?-6
Added Pin To Net: NetName=RESET2 Pin=TP_RESET?-X
Added Pin To Net: NetName=RESET2 Pin=U?-24
Added Net: Name=RESET2
Added Pin To Net: NetName=RESET Pin=C?-2
Added Pin To Net: NetName=RESET Pin=D?-A
Added Pin To Net: NetName=RESET Pin=ICSP?-5
Added Pin To Net: NetName=RESET Pin=POWER?-3
Added Pin To Net: NetName=RESET Pin=RESET-EN?-1
Added Pin To Net: NetName=RESET Pin=RESET-EN?-2
Added Pin To Net: NetName=RESET Pin=RESET?-3
Added Pin To Net: NetName=RESET Pin=RESET?-4
Added Pin To Net: NetName=RESET Pin=RN?-4
Added Pin To Net: NetName=RESET Pin=TP_RESET?-X
Added Pin To Net: NetName=RESET Pin=ZU?-1
Added Net: Name=RESET
Added Pin To Net: NetName=RXLED Pin=RX?-C
Added Pin To Net: NetName=RXLED Pin=U?-10
Added Net: Name=RXLED
Added Pin To Net: NetName=SCK2 Pin=ICSP?-3
Added Pin To Net: NetName=SCK2 Pin=TP_SCK?-X
Added Pin To Net: NetName=SCK2 Pin=U?-15
Added Net: Name=SCK2
Added Pin To Net: NetName=SCK Pin=ICSP?-3
Added Pin To Net: NetName=SCK Pin=IOH?-6
Added Pin To Net: NetName=SCK Pin=TP_?-X
Added Pin To Net: NetName=SCK Pin=U?-5
Added Pin To Net: NetName=SCK Pin=ZU?-19
Added Net: Name=SCK
Added Pin To Net: NetName=SS Pin=IOH?-3
Added Pin To Net: NetName=SS Pin=TP_?-X
Added Pin To Net: NetName=SS Pin=ZU?-16
Added Net: Name=SS
Added Pin To Net: NetName=TP_VUCAP Pin=C?-1
Added Pin To Net: NetName=TP_VUCAP Pin=TP_VUCAP?-X
Added Pin To Net: NetName=TP_VUCAP Pin=U?-27
Added Net: Name=TP_VUCAP
Added Pin To Net: NetName=TXLED Pin=TX?-C
Added Pin To Net: NetName=TXLED Pin=U?-11
Added Net: Name=TXLED
Added Pin To Net: NetName=UGND Pin=C?-2
Added Pin To Net: NetName=UGND Pin=GROUND?-2
Added Pin To Net: NetName=UGND Pin=L?-1
Added Pin To Net: NetName=UGND Pin=TP_UGND?-X
Added Pin To Net: NetName=UGND Pin=U?-28
Added Pin To Net: NetName=UGND Pin=X?-4
Added Net: Name=UGND
Added Pin To Net: NetName=USBVCC Pin=F?-1
Added Pin To Net: NetName=USBVCC Pin=T?-1
Added Net: Name=USBVCC
Added Pin To Net: NetName=USHIELD Pin=L?-2
Added Pin To Net: NetName=USHIELD Pin=TP_USH?-X
Added Pin To Net: NetName=USHIELD Pin=X?-P$1
Added Pin To Net: NetName=USHIELD Pin=X?-P$2
Added Pin To Net: NetName=USHIELD Pin=Z?-2
Added Pin To Net: NetName=USHIELD Pin=Z?-2
Added Net: Name=USHIELD
Added Pin To Net: NetName=VIN Pin=D?-C
Added Pin To Net: NetName=VIN Pin=PC?-+
Added Pin To Net: NetName=VIN Pin=POWER?-8
Added Pin To Net: NetName=VIN Pin=RN?-8
Added Pin To Net: NetName=VIN Pin=TP_VIN?-X
Added Pin To Net: NetName=VIN Pin=U?-3
Added Net: Name=VIN
Added Pin To Net: NetName=XT1 Pin=C?-1
Added Pin To Net: NetName=XT1 Pin=R?-1
Added Pin To Net: NetName=XT1 Pin=TP_XT?-X
Added Pin To Net: NetName=XT1 Pin=U?-1
Added Pin To Net: NetName=XT1 Pin=Y?-2
Added Net: Name=XT1
Added Pin To Net: NetName=XT2 Pin=C?-1
Added Pin To Net: NetName=XT2 Pin=R?-2
Added Pin To Net: NetName=XT2 Pin=TP_XT?-X
Added Pin To Net: NetName=XT2 Pin=U?-2
Added Pin To Net: NetName=XT2 Pin=Y?-1
Added Net: Name=XT2
Added Pin To Net: NetName=XTAL1 Pin=R?-1
Added Pin To Net: NetName=XTAL1 Pin=TP_XT?-X
Added Pin To Net: NetName=XTAL1 Pin=Y?-3
Added Pin To Net: NetName=XTAL1 Pin=ZU?-9
Added Net: Name=XTAL1
Added Pin To Net: NetName=XTAL2 Pin=R?-2
Added Pin To Net: NetName=XTAL2 Pin=TP_XT?-X
Added Pin To Net: NetName=XTAL2 Pin=Y?-1
Added Pin To Net: NetName=XTAL2 Pin=ZU?-10
Added Net: Name=XTAL2
Added Pin To Net: NetName=XUSB Pin=F?-2
Added Pin To Net: NetName=XUSB Pin=TP_XUSB?-X
Added Pin To Net: NetName=XUSB Pin=X?-1
Added Net: Name=XUSB
Added Class: Name=Sheet1
Added Rule: Name=Schematic Supply Nets
Added Rule: Name=Schematic Supply Nets_1
