Change Component Designator: Old Designator=AD? New Designator=AD1
Change Component Designator: Old Designator=C? New Designator=C1
Change Component Designator: Old Designator=C? New Designator=C2
Change Component Designator: Old Designator=C? New Designator=C3
Change Component Designator: Old Designator=C? New Designator=C4
Change Component Designator: Old Designator=C? New Designator=C5
Change Component Designator: Old Designator=C? New Designator=C6
Change Component Designator: Old Designator=C? New Designator=C7
Change Component Designator: Old Designator=C? New Designator=C8
Change Component Designator: Old Designator=C? New Designator=C9
Change Component Designator: Old Designator=C? New Designator=C10
Change Component Designator: Old Designator=C? New Designator=C11
Change Component Designator: Old Designator=D? New Designator=D1
Change Component Designator: Old Designator=D? New Designator=D2
Change Component Designator: Old Designator=D? New Designator=D3
Change Component Designator: Old Designator=F? New Designator=F1
Change Component Designator: Old Designator=FD? New Designator=FD1
Change Component Designator: Old Designator=FD? New Designator=FD2
Change Component Designator: Old Designator=FD? New Designator=FD3
Change Component Designator: Old Designator=GROUND? New Designator=GROUND1
Change Component Designator: Old Designator=ICSP? New Designator=ICSP1
Change Component Designator: Old Designator=ICSP? New Designator=ICSP2
Change Component Designator: Old Designator=IOH? New Designator=IOH1
Change Component Designator: Old Designator=IOL? New Designator=IOL1
Change Component Designator: Old Designator=JP? New Designator=JP1
Change Component Designator: Old Designator=L? New Designator=L1
Change Component Designator: Old Designator=L? New Designator=L2
Change Component Designator: Old Designator=L? New Designator=L3
Change Component Designator: Old Designator=ON? New Designator=ON1
Change Component Designator: Old Designator=ORIGIN? New Designator=ORIGIN1
Change Component Designator: Old Designator=PC? New Designator=PC1
Change Component Designator: Old Designator=PC? New Designator=PC2
Change Component Designator: Old Designator=POWER? New Designator=POWER1
Change Component Designator: Old Designator=R? New Designator=R1
Change Component Designator: Old Designator=R? New Designator=R2
Change Component Designator: Old Designator=RESET? New Designator=RESET1
Change Component Designator: Old Designator=RESET-EN? New Designator=RESET-EN1
Change Component Designator: Old Designator=RN? New Designator=RN1
Change Component Designator: Old Designator=RN? New Designator=RN2
Change Component Designator: Old Designator=RN? New Designator=RN3
Change Component Designator: Old Designator=RN? New Designator=RN4
Change Component Designator: Old Designator=RN? New Designator=RN1
Change Component Designator: Old Designator=RN? New Designator=RN2
Change Component Designator: Old Designator=RN? New Designator=RN3
Change Component Designator: Old Designator=RN? New Designator=RN4
Change Component Designator: Old Designator=RN? New Designator=RN1
Change Component Designator: Old Designator=RN? New Designator=RN2
Change Component Designator: Old Designator=RN? New Designator=RN3
Change Component Designator: Old Designator=RN? New Designator=RN4
Change Component Designator: Old Designator=RN? New Designator=RN1
Change Component Designator: Old Designator=RN? New Designator=RN2
Change Component Designator: Old Designator=RN? New Designator=RN3
Change Component Designator: Old Designator=RN? New Designator=RN4
Change Component Designator: Old Designator=RX? New Designator=RX1
Change Component Designator: Old Designator=T? New Designator=T1
Change Component Designator: Old Designator=TP_? New Designator=TP_1
Change Component Designator: Old Designator=TP_? New Designator=TP_2
Change Component Designator: Old Designator=TP_? New Designator=TP_3
Change Component Designator: Old Designator=TP_? New Designator=TP_4
Change Component Designator: Old Designator=TP_? New Designator=TP_5
Change Component Designator: Old Designator=TP_? New Designator=TP_6
Change Component Designator: Old Designator=TP_? New Designator=TP_7
Change Component Designator: Old Designator=TP_? New Designator=TP_8
Change Component Designator: Old Designator=TP_? New Designator=TP_9
Change Component Designator: Old Designator=TP_? New Designator=TP_10
Change Component Designator: Old Designator=TP_? New Designator=TP_11
Change Component Designator: Old Designator=TP_? New Designator=TP_12
Change Component Designator: Old Designator=TP_? New Designator=TP_13
Change Component Designator: Old Designator=TP_? New Designator=TP_14
Change Component Designator: Old Designator=TP_? New Designator=TP_15
Change Component Designator: Old Designator=TP_? New Designator=TP_16
Change Component Designator: Old Designator=TP_? New Designator=TP_17
Change Component Designator: Old Designator=TP_A? New Designator=TP_A1
Change Component Designator: Old Designator=TP_A? New Designator=TP_A2
Change Component Designator: Old Designator=TP_A? New Designator=TP_A3
Change Component Designator: Old Designator=TP_A? New Designator=TP_A4
Change Component Designator: Old Designator=TP_A? New Designator=TP_A5
Change Component Designator: Old Designator=TP_A? New Designator=TP_A6
Change Component Designator: Old Designator=TP_AREF? New Designator=TP_AREF1
Change Component Designator: Old Designator=TP_CMP? New Designator=TP_CMP1
Change Component Designator: Old Designator=TP_D-? New Designator=TP_D-1
Change Component Designator: Old Designator=TP_D+? New Designator=TP_D+1
Change Component Designator: Old Designator=TP_DTR? New Designator=TP_DTR1
Change Component Designator: Old Designator=TP_GATE? New Designator=TP_GATE1
Change Component Designator: Old Designator=TP_LCMD? New Designator=TP_LCMD1
Change Component Designator: Old Designator=TP_LL? New Designator=TP_LL1
Change Component Designator: Old Designator=TP_MISO? New Designator=TP_MISO1
Change Component Designator: Old Designator=TP_MOSI? New Designator=TP_MOSI1
Change Component Designator: Old Designator=TP_ONL? New Designator=TP_ONL1
Change Component Designator: Old Designator=TP_PB? New Designator=TP_PB1
Change Component Designator: Old Designator=TP_PB? New Designator=TP_PB2
Change Component Designator: Old Designator=TP_PB? New Designator=TP_PB3
Change Component Designator: Old Designator=TP_PB? New Designator=TP_PB4
Change Component Designator: Old Designator=TP_PWRIN? New Designator=TP_PWRIN1
Change Component Designator: Old Designator=TP_RESET? New Designator=TP_RESET1
Change Component Designator: Old Designator=TP_RESET? New Designator=TP_RESET2
Change Component Designator: Old Designator=TP_RX? New Designator=TP_RX1
Change Component Designator: Old Designator=TP_RXL? New Designator=TP_RXL1
Change Component Designator: Old Designator=TP_SCK? New Designator=TP_SCK1
Change Component Designator: Old Designator=TP_SCL? New Designator=TP_SCL1
Change Component Designator: Old Designator=TP_SDA? New Designator=TP_SDA1
Change Component Designator: Old Designator=TP_TX? New Designator=TP_TX1
Change Component Designator: Old Designator=TP_TXL? New Designator=TP_TXL1
Change Component Designator: Old Designator=TP_UGND? New Designator=TP_UGND1
Change Component Designator: Old Designator=TP_USBVCC? New Designator=TP_USBVCC1
Change Component Designator: Old Designator=TP_USH? New Designator=TP_USH1
Change Component Designator: Old Designator=TP_VIN? New Designator=TP_VIN1
Change Component Designator: Old Designator=TP_VUCAP? New Designator=TP_VUCAP1
Change Component Designator: Old Designator=TP_XT? New Designator=TP_XT1
Change Component Designator: Old Designator=TP_XT? New Designator=TP_XT2
Change Component Designator: Old Designator=TP_XT? New Designator=TP_XT3
Change Component Designator: Old Designator=TP_XT? New Designator=TP_XT4
Change Component Designator: Old Designator=TP_XUSB? New Designator=TP_XUSB1
Change Component Designator: Old Designator=TX? New Designator=TX1
Change Component Designator: Old Designator=U? New Designator=U1
Change Component Designator: Old Designator=U? New Designator=U3
Change Component Designator: Old Designator=U? New Designator=U4
Change Component Designator: Old Designator=U? New Designator=U2
Change Component Designator: Old Designator=U? New Designator=U2
Change Component Designator: Old Designator=U? New Designator=U2
Change Component Designator: Old Designator=X? New Designator=X1
Change Component Designator: Old Designator=X? New Designator=X2
Change Component Designator: Old Designator=Y? New Designator=Y1
Change Component Designator: Old Designator=Y? New Designator=Y2
Change Component Designator: Old Designator=Z? New Designator=Z1
Change Component Designator: Old Designator=Z? New Designator=Z2
Change Component Designator: Old Designator=ZU? New Designator=ZU1
